******************************************************************************
            TI ARM Clang Linker PC v4.0.0                      
******************************************************************************
>> Linked Sat May 17 23:11:08 2025

OUTPUT FILE NAME:   <2019D.out>
ENTRY POINT SYMBOL: "_c_int00_noargs"  address: 00004fed


MEMORY CONFIGURATION

         name            origin    length      used     unused   attr    fill
----------------------  --------  ---------  --------  --------  ----  --------
  FLASH                 00000000   00020000  000057b8  0001a848  R  X
  SRAM                  20200000   00008000  0000226c  00005d94  RW X
  BCR_CONFIG            41c00000   000000ff  00000000  000000ff  R   
  BSL_CONFIG            41c00100   00000080  00000000  00000080  R   


SEGMENT ALLOCATION MAP

run origin  load origin   length   init length attrs members
----------  ----------- ---------- ----------- ----- -------
00000000    00000000    000057b8   000057b8    r-x
  00000000    00000000    000000c0   000000c0    r-- .intvecs
  000000c0    000000c0    00005190   00005190    r-x .text
  00005250    00005250    00000530   00000530    r-- .rodata
  00005780    00005780    00000038   00000038    r-- .cinit
20200000    20200000    0000206c   00000000    rw-
  20200000    20200000    0000201c   00000000    rw- .bss
  2020201c    2020201c    00000050   00000000    rw- .data
20207e00    20207e00    00000200   00000000    rw-
  20207e00    20207e00    00000200   00000000    rw- .stack


SECTION ALLOCATION MAP

 output                                  attributes/
section   page    origin      length       input sections
--------  ----  ----------  ----------   ----------------
.intvecs   0    00000000    000000c0     
                  00000000    000000c0     startup_mspm0g350x_ticlang.o (.intvecs)

.text      0    000000c0    00005190     
                  000000c0    00000a48     libc.a : e_pow.c.obj (.text.pow)
                  00000b08    000009d0            : _printfi.c.obj (.text:__TI_printfi)
                  000014d8    00000730     UserTask.o (.text.PlotAmpFreq)
                  00001c08    0000042c     UserTask.o (.text.CalErrGet)
                  00002034    000003a0     UserTask.o (.text.Err_Screen_Update)
                  000023d4    00000360     libc.a : strtof.c.obj (.text.strtof)
                  00002734    00000334     UserTask.o (.text.CalOutputImp)
                  00002a68    00000220     libc.a : _printfi.c.obj (.text._pconv_a)
                  00002c88    000001dc            : _printfi.c.obj (.text._pconv_g)
                  00002e64    00000194            : e_log10f.c.obj (.text.log10f)
                  00002ff8    00000192     libclang_rt.builtins.a : adddf3.S.obj (.text.adddf3_subdf3)
                  0000318a    00000002     startup_mspm0g350x_ticlang.o (.text.Default_Handler)
                  0000318c    00000174     UserTask.o (.text.CalGain)
                  00003300    00000170     libc.a : e_sqrt.c.obj (.text.sqrt)
                  00003470    0000015c     UserTask.o (.text.CalInputImp)
                  000035cc    0000013c     libc.a : _printfi.c.obj (.text.fcvt)
                  00003708    00000120            : _printfi.c.obj (.text._pconv_e)
                  00003828    0000010c     libclang_rt.builtins.a : divdf3.S.obj (.text.__divdf3)
                  00003934    000000e4                            : muldf3.S.obj (.text.__muldf3)
                  00003a18    000000dc     driverlib.a : dl_sysctl_mspm0g1x0x_g3x0x.o (.text.DL_SYSCTL_configSYSPLL)
                  00003af4    000000d8     libc.a : s_scalbn.c.obj (.text.scalbn)
                  00003bcc    000000d8     libclang_rt.builtins.a : addsf3.S.obj (.text)
                  00003ca4    000000b0     libc.a : s_scalbnf.c.obj (.text.scalbnf)
                  00003d54    000000ac     BTN.o (.text.BTN_getData)
                  00003e00    000000a2     libclang_rt.builtins.a : udivmoddi4.S.obj (.text)
                  00003ea2    0000009a     libc.a : memcpy16.S.obj (.text:memcpy)
                  00003f3c    0000008c     UserTask.o (.text.Param_update)
                  00003fc8    0000008c     libclang_rt.builtins.a : mulsf3.S.obj (.text.__mulsf3)
                  00004054    00000082                            : divsf3.S.obj (.text.__divsf3)
                  000040d6    00000002                            : aeabi_div0.c.obj (.text.__aeabi_idiv0)
                  000040d8    00000080     ti_msp_dl_config.o (.text.SYSCFG_DL_SYSCTL_init)
                  00004158    00000080     ti_msp_dl_config.o (.text.SYSCFG_DL_UART_0_init)
                  000041d8    00000080     empty.o (.text.UART0_IRQHandler)
                  00004258    0000007c     ti_msp_dl_config.o (.text.SYSCFG_DL_ADC12_0_init)
                  000042d4    0000007c     Tick.o (.text.SysTick_Handler)
                  00004350    0000007c     libc.a : copy_decompress_lzss.c.obj (.text:decompress:lzss)
                  000043cc    00000074     libclang_rt.builtins.a : comparedf2.c.obj (.text.__gedf2)
                  00004440    00000074                            : truncdfsf2.S.obj (.text.__truncdfsf2)
                  000044b4    0000006c     UserTask.o (.text.BTNScan)
                  00004520    00000068     libclang_rt.builtins.a : comparedf2.c.obj (.text.__ledf2)
                  00004588    00000066     libc.a : _printfi.c.obj (.text._mcpy)
                  000045ee    00000002     libclang_rt.builtins.a : aeabi_div0.c.obj (.text.__aeabi_ldiv0)
                  000045f0    00000064     ti_msp_dl_config.o (.text.SYSCFG_DL_GPIO_init)
                  00004654    00000064     UART.o (.text.sendNum)
                  000046b8    00000062     libclang_rt.builtins.a : aeabi_dcmp.S.obj (.text.__aeabi_dcmp)
                  0000471a    00000002     --HOLE-- [fill = 0]
                  0000471c    00000062                            : aeabi_fcmp.S.obj (.text.__aeabi_fcmp)
                  0000477e    00000062     libc.a : memset16.S.obj (.text:memset)
                  000047e0    00000060     ti_msp_dl_config.o (.text.SYSCFG_DL_UART_1_init)
                  00004840    00000060     ti_msp_dl_config.o (.text.SYSCFG_DL_UART_2_init)
                  000048a0    0000005c     libc.a : s_frexp.c.obj (.text.frexp)
                  000048fc    00000058            : _ltoa.c.obj (.text.__TI_ltoa)
                  00004954    00000058            : _printfi.c.obj (.text._pconv_f)
                  000049ac    00000056     libclang_rt.builtins.a : aeabi_idivmod.S.obj (.text.__aeabi_idivmod)
                  00004a02    00000002     --HOLE-- [fill = 0]
                  00004a04    00000054     ti_msp_dl_config.o (.text.SYSCFG_DL_initPower)
                  00004a58    00000052     libc.a : _printfi.c.obj (.text._ecpy)
                  00004aaa    00000002     --HOLE-- [fill = 0]
                  00004aac    0000004a     libclang_rt.builtins.a : fixdfsi.S.obj (.text.__fixdfsi)
                  00004af6    00000002     --HOLE-- [fill = 0]
                  00004af8    00000048     driverlib.a : dl_uart.o (.text.DL_UART_init)
                  00004b40    00000044                 : dl_sysctl_mspm0g1x0x_g3x0x.o (.text.DL_SYSCTL_switchMCLKfromSYSOSCtoHSCLK)
                  00004b84    00000042     libclang_rt.builtins.a : fixunsdfsi.S.obj (.text.__fixunsdfsi)
                  00004bc6    00000002     --HOLE-- [fill = 0]
                  00004bc8    00000040     driverlib.a : dl_adc12.o (.text.DL_ADC12_setClockConfig)
                  00004c08    00000040     libclang_rt.builtins.a : aeabi_uidivmod.S.obj (.text.__aeabi_uidivmod)
                  00004c48    00000040                            : extendsfdf2.S.obj (.text.__extendsfdf2)
                  00004c88    00000040     libc.a : atoi.c.obj (.text.atoi)
                  00004cc8    0000003c     UserTask.o (.text.TaskScan)
                  00004d04    0000003c     libclang_rt.builtins.a : floatsisf.S.obj (.text.__floatsisf)
                  00004d40    0000003c                            : comparesf2.S.obj (.text.__gtsf2)
                  00004d7c    0000003c     libc.a : autoinit.c.obj (.text:__TI_auto_init_nobinit_nopinit)
                  00004db8    0000003a     libclang_rt.builtins.a : comparesf2.S.obj (.text.__eqsf2)
                  00004df2    00000002     --HOLE-- [fill = 0]
                  00004df4    0000003a                            : muldsi3.S.obj (.text.__muldsi3)
                  00004e2e    00000002     --HOLE-- [fill = 0]
                  00004e30    00000038     GUI.o (.text.draw_line)
                  00004e68    00000038     libc.a : sprintf.c.obj (.text.sprintf)
                  00004ea0    00000034     GUI.o (.text.draw_dot)
                  00004ed4    00000034     UART.o (.text.sendString)
                  00004f08    00000030     ti_msp_dl_config.o (.text.SYSCFG_DL_SYSTICK_init)
                  00004f38    00000030     ti_msp_dl_config.o (.text.SYSCFG_DL_init)
                  00004f68    00000030     libc.a : _printfi.c.obj (.text._fcpy)
                  00004f98    0000002c     libclang_rt.builtins.a : floatsidf.S.obj (.text.__floatsidf)
                  00004fc4    00000028                            : floatunsisf.S.obj (.text.__floatunsisf)
                  00004fec    00000028     libc.a : boot_cortex_m.c.obj (.text:_c_int00_noargs)
                  00005014    00000024     empty.o (.text.ADC0_IRQHandler)
                  00005038    00000024     libclang_rt.builtins.a : muldi3.S.obj (.text.__muldi3)
                  0000505c    00000022     libc.a : memccpy.c.obj (.text.memccpy)
                  0000507e    00000002     --HOLE-- [fill = 0]
                  00005080    0000001e     libclang_rt.builtins.a : ashldi3.S.obj (.text.__ashldi3)
                  0000509e    0000001e     empty.o (.text.main)
                  000050bc    00000018     libc.a : sprintf.c.obj (.text._outs)
                  000050d4    00000014     libclang_rt.builtins.a : aeabi_uldivmod.S.obj (.text.__aeabi_uldivmod)
                  000050e8    00000014     libc.a : _printfi.c.obj (.text.strchr)
                  000050fc    00000012     driverlib.a : dl_uart.o (.text.DL_UART_setClockConfig)
                  0000510e    00000012     libc.a : copy_decompress_none.c.obj (.text:decompress:none)
                  00005120    00000010            : wcslen.c.obj (.text.wcslen)
                  00005130    00000010            : copy_zero_init.c.obj (.text:decompress:ZI)
                  00005140    0000000e     libclang_rt.builtins.a : aeabi_memset.S.obj (.text.__aeabi_memset)
                  0000514e    0000000e     libc.a : _printfi.c.obj (.text.strlen)
                  0000515c    0000000c     libclang_rt.builtins.a : aeabi_memset.S.obj (.text.__aeabi_memclr)
                  00005168    0000000a     driverlib.a : dl_common.o (.text.DL_Common_delayCycles)
                  00005172    0000000a     libc.a : _printfi.c.obj (.text.OUTLINED_FUNCTION_0)
                  0000517c    00000010     libclang_rt.builtins.a : adddf3.S.obj (.tramp.__aeabi_dsub.1)
                  0000518c    0000000a     libc.a : e_pow.c.obj (.text.OUTLINED_FUNCTION_0)
                  00005196    00000002     --HOLE-- [fill = 0]
                  00005198    00000010     libclang_rt.builtins.a : muldf3.S.obj (.tramp.__aeabi_dmul.1)
                  000051a8    0000000a     libc.a : _printfi.c.obj (.text.OUTLINED_FUNCTION_1)
                  000051b2    0000000a            : e_pow.c.obj (.text.OUTLINED_FUNCTION_1)
                  000051bc    0000000a            : e_pow.c.obj (.text.OUTLINED_FUNCTION_6)
                  000051c6    0000000a            : sprintf.c.obj (.text._outc)
                  000051d0    00000008            : strtof.c.obj (.text.OUTLINED_FUNCTION_0)
                  000051d8    00000008            : e_pow.c.obj (.text.OUTLINED_FUNCTION_2)
                  000051e0    00000008            : aeabi_portable.c.obj (.text.__aeabi_errno_addr)
                  000051e8    00000008     libclang_rt.builtins.a : aeabi_memcpy.S.obj (.text.__aeabi_memcpy)
                  000051f0    00000006     libc.a : e_pow.c.obj (.text.OUTLINED_FUNCTION_3)
                  000051f6    00000002     --HOLE-- [fill = 0]
                  000051f8    00000010     libclang_rt.builtins.a : adddf3.S.obj (.tramp.__aeabi_dadd.1)
                  00005208    00000006     libc.a : e_pow.c.obj (.text.OUTLINED_FUNCTION_4)
                  0000520e    00000006            : e_pow.c.obj (.text.OUTLINED_FUNCTION_5)
                  00005214    00000004            : e_log10f.c.obj (.text.OUTLINED_FUNCTION_0)
                  00005218    00000010     libclang_rt.builtins.a : mulsf3.S.obj (.tramp.__aeabi_fmul.1)
                  00005228    00000004     libc.a : e_pow.c.obj (.text.OUTLINED_FUNCTION_10)
                  0000522c    00000004            : e_pow.c.obj (.text.OUTLINED_FUNCTION_7)
                  00005230    00000004            : e_pow.c.obj (.text.OUTLINED_FUNCTION_8)
                  00005234    00000004            : e_pow.c.obj (.text.OUTLINED_FUNCTION_9)
                  00005238    00000004     startup_mspm0g350x_ticlang.o (.text.Reset_Handler)
                  0000523c    00000004     libc.a : pre_init.c.obj (.text._system_pre_init)
                  00005240    00000004            : exit.c.obj (.text:abort)
                  00005244    0000000c     --HOLE-- [fill = 0]

.cinit     0    00005780    00000038     
                  00005780    00000010     (.cinit..data.load) [load image, compression = lzss]
                  00005790    0000000c     (__TI_handler_table)
                  0000579c    00000008     (.cinit..bss.load) [load image, compression = zero_init]
                  000057a4    00000010     (__TI_cinit_table)
                  000057b4    00000004     --HOLE-- [fill = 0]

.rodata    0    00005250    00000530     
                  00005250    00000101     libc.a : aeabi_ctype.S.obj (.rodata:__aeabi_ctype_table_)
                  00005351    00000003     UserTask.o (.rodata.str1.107446084261415988571)
                  00005354    00000040     libc.a : strtof.c.obj (.rodata.digits)
                  00005394    00000002     ti_msp_dl_config.o (.rodata.gUART_0ClockConfig)
                  00005396    00000002     ti_msp_dl_config.o (.rodata.gUART_1ClockConfig)
                  00005398    00000030     libc.a : e_pow.c.obj (.rodata.cst16)
                  000053c8    00000028     ti_msp_dl_config.o (.rodata.gSYSPLLConfig)
                  000053f0    00000018     libc.a : strtof.c.obj (.rodata.powerof10)
                  00005408    00000017     UserTask.o (.rodata.str1.106356269910238425484)
                  0000541f    00000001     --HOLE-- [fill = 0]
                  00005420    00000017     UserTask.o (.rodata.str1.119115768111374868244)
                  00005437    00000017     GUI.o (.rodata.str1.120676110851758475981)
                  0000544e    00000002     ti_msp_dl_config.o (.rodata.gUART_2ClockConfig)
                  00005450    00000017     UserTask.o (.rodata.str1.122974135003758328104)
                  00005467    00000001     --HOLE-- [fill = 0]
                  00005468    00000017     UserTask.o (.rodata.str1.135417529401178677104)
                  0000547f    00000001     --HOLE-- [fill = 0]
                  00005480    00000017     UserTask.o (.rodata.str1.144904363476861634244)
                  00005497    00000001     --HOLE-- [fill = 0]
                  00005498    00000017     UserTask.o (.rodata.str1.160578392304126166914)
                  000054af    00000001     --HOLE-- [fill = 0]
                  000054b0    00000017     UserTask.o (.rodata.str1.20134001987087366424)
                  000054c7    00000001     --HOLE-- [fill = 0]
                  000054c8    00000017     UserTask.o (.rodata.str1.22361013036623911354)
                  000054df    00000001     --HOLE-- [fill = 0]
                  000054e0    00000017     UserTask.o (.rodata.str1.23394174652560968884)
                  000054f7    00000001     --HOLE-- [fill = 0]
                  000054f8    00000017     UserTask.o (.rodata.str1.37532024268182965164)
                  0000550f    00000001     --HOLE-- [fill = 0]
                  00005510    00000017     UserTask.o (.rodata.str1.43657394055117847824)
                  00005527    00000001     --HOLE-- [fill = 0]
                  00005528    00000017     UserTask.o (.rodata.str1.60433268805519588794)
                  0000553f    00000001     --HOLE-- [fill = 0]
                  00005540    00000017     UserTask.o (.rodata.str1.80150933831641731774)
                  00005557    00000001     --HOLE-- [fill = 0]
                  00005558    00000017     UserTask.o (.rodata.str1.8277805354972912394)
                  0000556f    00000001     --HOLE-- [fill = 0]
                  00005570    00000017     UserTask.o (.rodata.str1.8785917874051110534)
                  00005587    00000001     --HOLE-- [fill = 0]
                  00005588    00000014     UserTask.o (.rodata.str1.3348916653654383424)
                  0000559c    00000014     GUI.o (.rodata.str1.89384884876376116451)
                  000055b0    00000013     UserTask.o (.rodata.str1.115149161963000102341)
                  000055c3    00000013     UserTask.o (.rodata.str1.117870265435443933371)
                  000055d6    00000013     UserTask.o (.rodata.str1.16414507433298270261)
                  000055e9    00000012     UserTask.o (.rodata.str1.57223875271773434171)
                  000055fb    00000001     --HOLE-- [fill = 0]
                  000055fc    00000012     UserTask.o (.rodata.str1.99286793111570033364)
                  0000560e    00000011     libc.a : _printfi.c.obj (.rodata.str1.103488685894817597201)
                  0000561f    00000011     UserTask.o (.rodata.str1.118770860989420949841)
                  00005630    00000011     libc.a : _printfi.c.obj (.rodata.str1.153638888446227384661)
                  00005641    00000011     UserTask.o (.rodata.str1.155156317567332842551)
                  00005652    00000002     --HOLE-- [fill = 0]
                  00005654    00000011     UserTask.o (.rodata.str1.166237922790154338474)
                  00005665    0000000f     UserTask.o (.rodata.str1.156050662269619949711)
                  00005674    0000000f     UserTask.o (.rodata.str1.170427024733790710651)
                  00005683    0000000f     UserTask.o (.rodata.str1.20899376925415367271)
                  00005692    0000000f     UserTask.o (.rodata.str1.2146104138803354541)
                  000056a1    0000000f     UserTask.o (.rodata.str1.38300477651578049491)
                  000056b0    0000000f     UserTask.o (.rodata.str1.4191884703526551501)
                  000056bf    0000000e     UserTask.o (.rodata.str1.113802788077217073781)
                  000056cd    0000000e     UserTask.o (.rodata.str1.126115880493509046371)
                  000056db    0000000e     UserTask.o (.rodata.str1.37516948105065126811)
                  000056e9    0000000e     UserTask.o (.rodata.str1.49302671518722796861)
                  000056f7    0000000e     UserTask.o (.rodata.str1.87756876544120254571)
                  00005705    0000000e     UserTask.o (.rodata.str1.89512985681189400661)
                  00005713    0000000e     UserTask.o (.rodata.str1.90194485570001139921)
                  00005721    0000000c     UserTask.o (.rodata.str1.100620717920120445261)
                  0000572d    0000000c     UserTask.o (.rodata.str1.56394343083413634591)
                  00005739    0000000b     UserTask.o (.rodata.str1.104968065356551767401)
                  00005744    0000000a     ti_msp_dl_config.o (.rodata.gUART_0Config)
                  0000574e    0000000a     ti_msp_dl_config.o (.rodata.gUART_1Config)
                  00005758    0000000a     ti_msp_dl_config.o (.rodata.gUART_2Config)
                  00005762    00000002     --HOLE-- [fill = 0]
                  00005764    00000008     ti_msp_dl_config.o (.rodata.gADC12_0ClockConfig)
                  0000576c    00000007     UART.o (.rodata.str1.184222210015547160471)
                  00005773    00000007     UserTask.o (.rodata.str1.1903453639569518351)
                  0000577a    00000006     --HOLE-- [fill = 0]

.init_array 
*          0    00000000    00000000     UNINITIALIZED

.binit     0    00000000    00000000     

.bss       0    20200000    0000201c     UNINITIALIZED
                  20200000    00000fa0     (.common:freq_buffer)
                  20200fa0    00000fa0     (.common:gain_buffer)
                  20201f40    00000064     (.common:str)
                  20201fa4    00000030     (.common:gUART_1Backup)
                  20201fd4    0000001e     (.common:uart_rx_buffer)
                  20201ff2    00000002     --HOLE--
                  20201ff4    00000014     (.common:Vout_Load_buffer)
                  20202008    00000014     (.common:Vout_Open_buffer)

.data      0    2020201c    00000050     UNINITIALIZED
                  2020201c    00000010     empty.o (.data.c_param)
                  2020202c    0000000a     BTN.o (.data.BTNTick)
                  20202036    00000005     empty.o (.data.BTNData)
                  2020203b    00000001     empty.o (.data.ErrGetState)
                  2020203c    00000004     Tick.o (.data.Tick)
                  20202040    00000004     empty.o (.data.Vout_Load)
                  20202044    00000004     empty.o (.data.Vout_Open)
                  20202048    00000004     libc.a : aeabi_portable.c.obj (.data.__aeabi_errno)
                  2020204c    00000004     Tick.o (.data.delay_times)
                  20202050    00000004     empty.o (.data.input_amp)
                  20202054    00000004     empty.o (.data.input_freq)
                  20202058    00000002     empty.o (.data.lastX)
                  2020205a    00000002     empty.o (.data.lastY)
                  2020205c    00000002     empty.o (.data.point_index)
                  2020205e    00000001     empty.o (.data.Err_code)
                  2020205f    00000001     empty.o (.data.GainState)
                  20202060    00000001     empty.o (.data.InputImpState)
                  20202061    00000001     empty.o (.data.Out_state)
                  20202062    00000001     empty.o (.data.OutputImpState)
                  20202063    00000001     empty.o (.data.PlotState)
                  20202064    00000001     empty.o (.data.TaskMark)
                  20202065    00000001     empty.o (.data.Vout_flag)
                  20202066    00000001     empty.o (.data.count_load)
                  20202067    00000001     empty.o (.data.count_open)
                  20202068    00000001     empty.o (.data.gCheckADC)
                  20202069    00000001     empty.o (.data.uart_rx_finish)
                  2020206a    00000001     empty.o (.data.uart_rx_index)
                  2020206b    00000001     empty.o (.data.vout_index)

.stack     0    20207e00    00000200     UNINITIALIZED
                  20207e00    00000004     libc.a : boot_cortex_m.c.obj (.stack)
                  20207e04    000001fc     --HOLE--

__llvm_prf_cnts 
*          0    20200000    00000000     UNINITIALIZED

__llvm_prf_bits 
*          0    20200000    00000000     UNINITIALIZED

MODULE SUMMARY

       Module                         code    ro data   rw data
       ------                         ----    -------   -------
    .\
       empty.o                        194     0         8128   
       ti_msp_dl_config.o             852     84        48     
       startup_mspm0g350x_ticlang.o   6       192       0      
    +--+------------------------------+-------+---------+---------+
       Total:                         1052    276       8176   
                                                               
    .\USER\BTN\
       BTN.o                          172     0         10     
    +--+------------------------------+-------+---------+---------+
       Total:                         172     0         10     
                                                               
    .\USER\GUI\
       GUI.o                          108     43        100    
    +--+------------------------------+-------+---------+---------+
       Total:                         108     43        100    
                                                               
    .\USER\TICK\
       Tick.o                         124     0         8      
    +--+------------------------------+-------+---------+---------+
       Total:                         124     0         8      
                                                               
    .\USER\UART\
       UART.o                         152     7         0      
    +--+------------------------------+-------+---------+---------+
       Total:                         152     7         0      
                                                               
    .\USER\USERTASK\
       UserTask.o                     5684    742       0      
    +--+------------------------------+-------+---------+---------+
       Total:                         5684    742       0      
                                                               
    C:/ti/mspm0_sdk_2_04_00_06/source/ti/driverlib/lib/ticlang/m0p/mspm0g1x0x_g3x0x/driverlib.a
       dl_sysctl_mspm0g1x0x_g3x0x.o   288     0         0      
       dl_uart.o                      90      0         0      
       dl_adc12.o                     64      0         0      
       dl_common.o                    10      0         0      
    +--+------------------------------+-------+---------+---------+
       Total:                         452     0         0      
                                                               
    C:\ti\ccstheia151\ccs\tools\compiler\ti-cgt-armllvm_4.0.0.LTS\lib\armv6m-ti-none-eabi/c/libc.a
       _printfi.c.obj                 4510    34        0      
       e_pow.c.obj                    2704    48        0      
       strtof.c.obj                   872     88        0      
       e_log10f.c.obj                 408     0         0      
       e_sqrt.c.obj                   368     0         0      
       aeabi_ctype.S.obj              0       257       0      
       s_scalbn.c.obj                 216     0         0      
       s_scalbnf.c.obj                176     0         0      
       memcpy16.S.obj                 154     0         0      
       copy_decompress_lzss.c.obj     124     0         0      
       memset16.S.obj                 98      0         0      
       s_frexp.c.obj                  92      0         0      
       sprintf.c.obj                  90      0         0      
       _ltoa.c.obj                    88      0         0      
       atoi.c.obj                     64      0         0      
       autoinit.c.obj                 60      0         0      
       boot_cortex_m.c.obj            40      0         0      
       memccpy.c.obj                  34      0         0      
       copy_decompress_none.c.obj     18      0         0      
       copy_zero_init.c.obj           16      0         0      
       wcslen.c.obj                   16      0         0      
       aeabi_portable.c.obj           8       0         4      
       exit.c.obj                     4       0         0      
       pre_init.c.obj                 4       0         0      
    +--+------------------------------+-------+---------+---------+
       Total:                         10164   427       4      
                                                               
    C:\ti\ccstheia151\ccs\tools\compiler\ti-cgt-armllvm_4.0.0.LTS\lib\armv6m-ti-none-eabi/libclang_rt.builtins.a
       adddf3.S.obj                   434     0         0      
       divdf3.S.obj                   268     0         0      
       muldf3.S.obj                   244     0         0      
       comparedf2.c.obj               220     0         0      
       addsf3.S.obj                   216     0         0      
       udivmoddi4.S.obj               162     0         0      
       mulsf3.S.obj                   156     0         0      
       divsf3.S.obj                   130     0         0      
       comparesf2.S.obj               118     0         0      
       truncdfsf2.S.obj               116     0         0      
       aeabi_dcmp.S.obj               98      0         0      
       aeabi_fcmp.S.obj               98      0         0      
       aeabi_idivmod.S.obj            86      0         0      
       fixdfsi.S.obj                  74      0         0      
       fixunsdfsi.S.obj               66      0         0      
       aeabi_uidivmod.S.obj           64      0         0      
       extendsfdf2.S.obj              64      0         0      
       floatsisf.S.obj                60      0         0      
       muldsi3.S.obj                  58      0         0      
       floatsidf.S.obj                44      0         0      
       floatunsisf.S.obj              40      0         0      
       muldi3.S.obj                   36      0         0      
       ashldi3.S.obj                  30      0         0      
       aeabi_memset.S.obj             26      0         0      
       aeabi_uldivmod.S.obj           20      0         0      
       aeabi_memcpy.S.obj             8       0         0      
       aeabi_div0.c.obj               4       0         0      
    +--+------------------------------+-------+---------+---------+
       Total:                         2940    0         0      
                                                               
       Stack:                         0       0         512    
       Linker Generated:              0       52        0      
    +--+------------------------------+-------+---------+---------+
       Grand Total:                   20848   1547      8810   


LINKER GENERATED COPY TABLES

__TI_cinit_table @ 000057a4 records: 2, size/record: 8, table size: 16
	.data: load addr=00005780, load size=00000010 bytes, run addr=2020201c, run size=00000050 bytes, compression=lzss
	.bss: load addr=0000579c, load size=00000008 bytes, run addr=20200000, run size=0000201c bytes, compression=zero_init


LINKER GENERATED HANDLER TABLE

__TI_handler_table @ 00005790 records: 3, size/record: 4, table size: 12
	index: 0, handler: __TI_decompress_lzss
	index: 1, handler: __TI_decompress_none
	index: 2, handler: __TI_zero_init


FAR CALL TRAMPOLINES

callee name               trampoline name
   callee addr  tramp addr   call addr  call info
--------------  -----------  ---------  ----------------
__aeabi_dsub              $Tramp$TT$L$PI$$__aeabi_dsub
   00002ff9     0000517c     0000517a   libc.a : _printfi.c.obj (.text.OUTLINED_FUNCTION_0)
                             000051de          : e_pow.c.obj (.text.OUTLINED_FUNCTION_2)
__aeabi_dmul              $Tramp$TT$L$PI$$__aeabi_dmul
   00003935     00005198     00005194   libc.a : e_pow.c.obj (.text.OUTLINED_FUNCTION_0)
                             000051ba          : e_pow.c.obj (.text.OUTLINED_FUNCTION_1)
                             000051c4          : e_pow.c.obj (.text.OUTLINED_FUNCTION_6)
                             0000520c          : e_pow.c.obj (.text.OUTLINED_FUNCTION_4)
                             00005212          : e_pow.c.obj (.text.OUTLINED_FUNCTION_5)
                             00005232          : e_pow.c.obj (.text.OUTLINED_FUNCTION_8)
__aeabi_dadd              $Tramp$TT$L$PI$$__aeabi_dadd
   00003003     000051f8     000051f4   libc.a : e_pow.c.obj (.text.OUTLINED_FUNCTION_3)
                             0000522a          : e_pow.c.obj (.text.OUTLINED_FUNCTION_10)
                             0000522e          : e_pow.c.obj (.text.OUTLINED_FUNCTION_7)
                             00005236          : e_pow.c.obj (.text.OUTLINED_FUNCTION_9)
__aeabi_fmul              $Tramp$TT$L$PI$$__aeabi_fmul
   00003fc9     00005218     00005216   libc.a : e_log10f.c.obj (.text.OUTLINED_FUNCTION_0)

[4 trampolines]
[13 trampoline calls]


GLOBAL SYMBOLS: SORTED ALPHABETICALLY BY Name 

address   name                                 
-------   ----                                 
00005015  ADC0_IRQHandler                      
0000318b  ADC1_IRQHandler                      
0000318b  AES_IRQHandler                       
20202036  BTNData                              
000044b5  BTNScan                              
2020202c  BTNTick                              
00003d55  BTN_getData                          
00005240  C$$EXIT                              
0000318b  CANFD0_IRQHandler                    
00001c09  CalErrGet                            
0000318d  CalGain                              
00003471  CalInputImp                          
00002735  CalOutputImp                         
0000318b  DAC0_IRQHandler                      
00004bc9  DL_ADC12_setClockConfig              
00005169  DL_Common_delayCycles                
00003a19  DL_SYSCTL_configSYSPLL               
00004b41  DL_SYSCTL_switchMCLKfromSYSOSCtoHSCLK
00004af9  DL_UART_init                         
000050fd  DL_UART_setClockConfig               
0000318b  DMA_IRQHandler                       
0000318b  Default_Handler                      
2020203b  ErrGetState                          
00002035  Err_Screen_Update                    
2020205e  Err_code                             
0000318b  GROUP0_IRQHandler                    
0000318b  GROUP1_IRQHandler                    
2020205f  GainState                            
0000318b  HardFault_Handler                    
0000318b  I2C0_IRQHandler                      
0000318b  I2C1_IRQHandler                      
20202060  InputImpState                        
0000318b  NMI_Handler                          
20202061  Out_state                            
20202062  OutputImpState                       
00003f3d  Param_update                         
0000318b  PendSV_Handler                       
000014d9  PlotAmpFreq                          
20202063  PlotState                            
0000318b  RTC_IRQHandler                       
00005239  Reset_Handler                        
0000318b  SPI0_IRQHandler                      
0000318b  SPI1_IRQHandler                      
0000318b  SVC_Handler                          
00004259  SYSCFG_DL_ADC12_0_init               
000045f1  SYSCFG_DL_GPIO_init                  
000040d9  SYSCFG_DL_SYSCTL_init                
00004f09  SYSCFG_DL_SYSTICK_init               
00004159  SYSCFG_DL_UART_0_init                
000047e1  SYSCFG_DL_UART_1_init                
00004841  SYSCFG_DL_UART_2_init                
00004f39  SYSCFG_DL_init                       
00004a05  SYSCFG_DL_initPower                  
000042d5  SysTick_Handler                      
0000318b  TIMA0_IRQHandler                     
0000318b  TIMA1_IRQHandler                     
0000318b  TIMG0_IRQHandler                     
0000318b  TIMG12_IRQHandler                    
0000318b  TIMG6_IRQHandler                     
0000318b  TIMG7_IRQHandler                     
0000318b  TIMG8_IRQHandler                     
20202064  TaskMark                             
00004cc9  TaskScan                             
2020203c  Tick                                 
000041d9  UART0_IRQHandler                     
0000318b  UART1_IRQHandler                     
0000318b  UART2_IRQHandler                     
0000318b  UART3_IRQHandler                     
20202040  Vout_Load                            
20201ff4  Vout_Load_buffer                     
20202044  Vout_Open                            
20202008  Vout_Open_buffer                     
20202065  Vout_flag                            
20208000  __STACK_END                          
00000200  __STACK_SIZE                         
00000000  __TI_ATRegion0_region_sz             
00000000  __TI_ATRegion0_src_addr              
00000000  __TI_ATRegion0_trg_addr              
00000000  __TI_ATRegion1_region_sz             
00000000  __TI_ATRegion1_src_addr              
00000000  __TI_ATRegion1_trg_addr              
00000000  __TI_ATRegion2_region_sz             
00000000  __TI_ATRegion2_src_addr              
00000000  __TI_ATRegion2_trg_addr              
000057a4  __TI_CINIT_Base                      
000057b4  __TI_CINIT_Limit                     
000057b4  __TI_CINIT_Warm                      
00005790  __TI_Handler_Table_Base              
0000579c  __TI_Handler_Table_Limit             
00004d7d  __TI_auto_init_nobinit_nopinit       
00004351  __TI_decompress_lzss                 
0000510f  __TI_decompress_none                 
000048fd  __TI_ltoa                            
ffffffff  __TI_pprof_out_hndl                  
00000b09  __TI_printfi                         
ffffffff  __TI_prof_data_size                  
ffffffff  __TI_prof_data_start                 
00000000  __TI_static_base__                   
00005131  __TI_zero_init                       
00003003  __adddf3                             
00003bd7  __addsf3                             
00005250  __aeabi_ctype_table_                 
00005250  __aeabi_ctype_table_C                
00004441  __aeabi_d2f                          
00004aad  __aeabi_d2iz                         
00004b85  __aeabi_d2uiz                        
00003003  __aeabi_dadd                         
000046b9  __aeabi_dcmpeq                       
000046f5  __aeabi_dcmpge                       
00004709  __aeabi_dcmpgt                       
000046e1  __aeabi_dcmple                       
000046cd  __aeabi_dcmplt                       
00003829  __aeabi_ddiv                         
00003935  __aeabi_dmul                         
00002ff9  __aeabi_dsub                         
20202048  __aeabi_errno                        
000051e1  __aeabi_errno_addr                   
00004c49  __aeabi_f2d                          
00003bd7  __aeabi_fadd                         
0000471d  __aeabi_fcmpeq                       
00004759  __aeabi_fcmpge                       
0000476d  __aeabi_fcmpgt                       
00004745  __aeabi_fcmple                       
00004731  __aeabi_fcmplt                       
00004055  __aeabi_fdiv                         
00003fc9  __aeabi_fmul                         
00003bcd  __aeabi_fsub                         
00004f99  __aeabi_i2d                          
00004d05  __aeabi_i2f                          
000049ad  __aeabi_idiv                         
000040d7  __aeabi_idiv0                        
000049ad  __aeabi_idivmod                      
000045ef  __aeabi_ldiv0                        
00005081  __aeabi_llsl                         
00005039  __aeabi_lmul                         
0000515d  __aeabi_memclr                       
0000515d  __aeabi_memclr4                      
0000515d  __aeabi_memclr8                      
000051e9  __aeabi_memcpy                       
000051e9  __aeabi_memcpy4                      
000051e9  __aeabi_memcpy8                      
00005141  __aeabi_memset                       
00005141  __aeabi_memset4                      
00005141  __aeabi_memset8                      
00004fc5  __aeabi_ui2f                         
00004c09  __aeabi_uidiv                        
00004c09  __aeabi_uidivmod                     
000050d5  __aeabi_uldivmod                     
00005081  __ashldi3                            
ffffffff  __binit__                            
00004521  __cmpdf2                             
00004db9  __cmpsf2                             
00003829  __divdf3                             
00004055  __divsf3                             
00004521  __eqdf2                              
00004db9  __eqsf2                              
00004c49  __extendsfdf2                        
00004aad  __fixdfsi                            
00004b85  __fixunsdfsi                         
00004f99  __floatsidf                          
00004d05  __floatsisf                          
00004fc5  __floatunsisf                        
000043cd  __gedf2                              
00004d41  __gesf2                              
000043cd  __gtdf2                              
00004d41  __gtsf2                              
00004521  __ledf2                              
00004db9  __lesf2                              
00004521  __ltdf2                              
00004db9  __ltsf2                              
UNDEFED   __mpu_init                           
00003935  __muldf3                             
00005039  __muldi3                             
00004df5  __muldsi3                            
00003fc9  __mulsf3                             
00004521  __nedf2                              
00004db9  __nesf2                              
20207e00  __stack                              
20200000  __start___llvm_prf_bits              
20200000  __start___llvm_prf_cnts              
20200000  __stop___llvm_prf_bits               
20200000  __stop___llvm_prf_cnts               
00002ff9  __subdf3                             
00003bcd  __subsf3                             
00004441  __truncdfsf2                         
00003e01  __udivmoddi4                         
00004fed  _c_int00_noargs                      
UNDEFED   _system_post_cinit                   
0000523d  _system_pre_init                     
00005241  abort                                
00004c89  atoi                                 
ffffffff  binit                                
2020201c  c_param                              
20202066  count_load                           
20202067  count_open                           
2020204c  delay_times                          
00004ea1  draw_dot                             
00004e31  draw_line                            
20200000  freq_buffer                          
000048a1  frexp                                
000048a1  frexpl                               
20202068  gCheckADC                            
20201fa4  gUART_1Backup                        
20200fa0  gain_buffer                          
20202050  input_amp                            
20202054  input_freq                           
00000000  interruptVectors                     
20202058  lastX                                
2020205a  lastY                                
00003af5  ldexp                                
00003ca5  ldexpf                               
00003af5  ldexpl                               
00002e65  log10f                               
0000509f  main                                 
0000505d  memccpy                              
00003ea3  memcpy                               
0000477f  memset                               
2020205c  point_index                          
000000c1  pow                                  
000000c1  powl                                 
00003af5  scalbn                               
00003ca5  scalbnf                              
00003af5  scalbnl                              
00004655  sendNum                              
00004ed5  sendString                           
00004e69  sprintf                              
00003301  sqrt                                 
00003301  sqrtl                                
20201f40  str                                  
000023d5  strtof                               
20201fd4  uart_rx_buffer                       
20202069  uart_rx_finish                       
2020206a  uart_rx_index                        
2020206b  vout_index                           
00005121  wcslen                               


GLOBAL SYMBOLS: SORTED BY Symbol Address 

address   name                                 
-------   ----                                 
00000000  __TI_ATRegion0_region_sz             
00000000  __TI_ATRegion0_src_addr              
00000000  __TI_ATRegion0_trg_addr              
00000000  __TI_ATRegion1_region_sz             
00000000  __TI_ATRegion1_src_addr              
00000000  __TI_ATRegion1_trg_addr              
00000000  __TI_ATRegion2_region_sz             
00000000  __TI_ATRegion2_src_addr              
00000000  __TI_ATRegion2_trg_addr              
00000000  __TI_static_base__                   
00000000  interruptVectors                     
000000c1  pow                                  
000000c1  powl                                 
00000200  __STACK_SIZE                         
00000b09  __TI_printfi                         
000014d9  PlotAmpFreq                          
00001c09  CalErrGet                            
00002035  Err_Screen_Update                    
000023d5  strtof                               
00002735  CalOutputImp                         
00002e65  log10f                               
00002ff9  __aeabi_dsub                         
00002ff9  __subdf3                             
00003003  __adddf3                             
00003003  __aeabi_dadd                         
0000318b  ADC1_IRQHandler                      
0000318b  AES_IRQHandler                       
0000318b  CANFD0_IRQHandler                    
0000318b  DAC0_IRQHandler                      
0000318b  DMA_IRQHandler                       
0000318b  Default_Handler                      
0000318b  GROUP0_IRQHandler                    
0000318b  GROUP1_IRQHandler                    
0000318b  HardFault_Handler                    
0000318b  I2C0_IRQHandler                      
0000318b  I2C1_IRQHandler                      
0000318b  NMI_Handler                          
0000318b  PendSV_Handler                       
0000318b  RTC_IRQHandler                       
0000318b  SPI0_IRQHandler                      
0000318b  SPI1_IRQHandler                      
0000318b  SVC_Handler                          
0000318b  TIMA0_IRQHandler                     
0000318b  TIMA1_IRQHandler                     
0000318b  TIMG0_IRQHandler                     
0000318b  TIMG12_IRQHandler                    
0000318b  TIMG6_IRQHandler                     
0000318b  TIMG7_IRQHandler                     
0000318b  TIMG8_IRQHandler                     
0000318b  UART1_IRQHandler                     
0000318b  UART2_IRQHandler                     
0000318b  UART3_IRQHandler                     
0000318d  CalGain                              
00003301  sqrt                                 
00003301  sqrtl                                
00003471  CalInputImp                          
00003829  __aeabi_ddiv                         
00003829  __divdf3                             
00003935  __aeabi_dmul                         
00003935  __muldf3                             
00003a19  DL_SYSCTL_configSYSPLL               
00003af5  ldexp                                
00003af5  ldexpl                               
00003af5  scalbn                               
00003af5  scalbnl                              
00003bcd  __aeabi_fsub                         
00003bcd  __subsf3                             
00003bd7  __addsf3                             
00003bd7  __aeabi_fadd                         
00003ca5  ldexpf                               
00003ca5  scalbnf                              
00003d55  BTN_getData                          
00003e01  __udivmoddi4                         
00003ea3  memcpy                               
00003f3d  Param_update                         
00003fc9  __aeabi_fmul                         
00003fc9  __mulsf3                             
00004055  __aeabi_fdiv                         
00004055  __divsf3                             
000040d7  __aeabi_idiv0                        
000040d9  SYSCFG_DL_SYSCTL_init                
00004159  SYSCFG_DL_UART_0_init                
000041d9  UART0_IRQHandler                     
00004259  SYSCFG_DL_ADC12_0_init               
000042d5  SysTick_Handler                      
00004351  __TI_decompress_lzss                 
000043cd  __gedf2                              
000043cd  __gtdf2                              
00004441  __aeabi_d2f                          
00004441  __truncdfsf2                         
000044b5  BTNScan                              
00004521  __cmpdf2                             
00004521  __eqdf2                              
00004521  __ledf2                              
00004521  __ltdf2                              
00004521  __nedf2                              
000045ef  __aeabi_ldiv0                        
000045f1  SYSCFG_DL_GPIO_init                  
00004655  sendNum                              
000046b9  __aeabi_dcmpeq                       
000046cd  __aeabi_dcmplt                       
000046e1  __aeabi_dcmple                       
000046f5  __aeabi_dcmpge                       
00004709  __aeabi_dcmpgt                       
0000471d  __aeabi_fcmpeq                       
00004731  __aeabi_fcmplt                       
00004745  __aeabi_fcmple                       
00004759  __aeabi_fcmpge                       
0000476d  __aeabi_fcmpgt                       
0000477f  memset                               
000047e1  SYSCFG_DL_UART_1_init                
00004841  SYSCFG_DL_UART_2_init                
000048a1  frexp                                
000048a1  frexpl                               
000048fd  __TI_ltoa                            
000049ad  __aeabi_idiv                         
000049ad  __aeabi_idivmod                      
00004a05  SYSCFG_DL_initPower                  
00004aad  __aeabi_d2iz                         
00004aad  __fixdfsi                            
00004af9  DL_UART_init                         
00004b41  DL_SYSCTL_switchMCLKfromSYSOSCtoHSCLK
00004b85  __aeabi_d2uiz                        
00004b85  __fixunsdfsi                         
00004bc9  DL_ADC12_setClockConfig              
00004c09  __aeabi_uidiv                        
00004c09  __aeabi_uidivmod                     
00004c49  __aeabi_f2d                          
00004c49  __extendsfdf2                        
00004c89  atoi                                 
00004cc9  TaskScan                             
00004d05  __aeabi_i2f                          
00004d05  __floatsisf                          
00004d41  __gesf2                              
00004d41  __gtsf2                              
00004d7d  __TI_auto_init_nobinit_nopinit       
00004db9  __cmpsf2                             
00004db9  __eqsf2                              
00004db9  __lesf2                              
00004db9  __ltsf2                              
00004db9  __nesf2                              
00004df5  __muldsi3                            
00004e31  draw_line                            
00004e69  sprintf                              
00004ea1  draw_dot                             
00004ed5  sendString                           
00004f09  SYSCFG_DL_SYSTICK_init               
00004f39  SYSCFG_DL_init                       
00004f99  __aeabi_i2d                          
00004f99  __floatsidf                          
00004fc5  __aeabi_ui2f                         
00004fc5  __floatunsisf                        
00004fed  _c_int00_noargs                      
00005015  ADC0_IRQHandler                      
00005039  __aeabi_lmul                         
00005039  __muldi3                             
0000505d  memccpy                              
00005081  __aeabi_llsl                         
00005081  __ashldi3                            
0000509f  main                                 
000050d5  __aeabi_uldivmod                     
000050fd  DL_UART_setClockConfig               
0000510f  __TI_decompress_none                 
00005121  wcslen                               
00005131  __TI_zero_init                       
00005141  __aeabi_memset                       
00005141  __aeabi_memset4                      
00005141  __aeabi_memset8                      
0000515d  __aeabi_memclr                       
0000515d  __aeabi_memclr4                      
0000515d  __aeabi_memclr8                      
00005169  DL_Common_delayCycles                
000051e1  __aeabi_errno_addr                   
000051e9  __aeabi_memcpy                       
000051e9  __aeabi_memcpy4                      
000051e9  __aeabi_memcpy8                      
00005239  Reset_Handler                        
0000523d  _system_pre_init                     
00005240  C$$EXIT                              
00005241  abort                                
00005250  __aeabi_ctype_table_                 
00005250  __aeabi_ctype_table_C                
00005790  __TI_Handler_Table_Base              
0000579c  __TI_Handler_Table_Limit             
000057a4  __TI_CINIT_Base                      
000057b4  __TI_CINIT_Limit                     
000057b4  __TI_CINIT_Warm                      
20200000  __start___llvm_prf_bits              
20200000  __start___llvm_prf_cnts              
20200000  __stop___llvm_prf_bits               
20200000  __stop___llvm_prf_cnts               
20200000  freq_buffer                          
20200fa0  gain_buffer                          
20201f40  str                                  
20201fa4  gUART_1Backup                        
20201fd4  uart_rx_buffer                       
20201ff4  Vout_Load_buffer                     
20202008  Vout_Open_buffer                     
2020201c  c_param                              
2020202c  BTNTick                              
20202036  BTNData                              
2020203b  ErrGetState                          
2020203c  Tick                                 
20202040  Vout_Load                            
20202044  Vout_Open                            
20202048  __aeabi_errno                        
2020204c  delay_times                          
20202050  input_amp                            
20202054  input_freq                           
20202058  lastX                                
2020205a  lastY                                
2020205c  point_index                          
2020205e  Err_code                             
2020205f  GainState                            
20202060  InputImpState                        
20202061  Out_state                            
20202062  OutputImpState                       
20202063  PlotState                            
20202064  TaskMark                             
20202065  Vout_flag                            
20202066  count_load                           
20202067  count_open                           
20202068  gCheckADC                            
20202069  uart_rx_finish                       
2020206a  uart_rx_index                        
2020206b  vout_index                           
20207e00  __stack                              
20208000  __STACK_END                          
ffffffff  __TI_pprof_out_hndl                  
ffffffff  __TI_prof_data_size                  
ffffffff  __TI_prof_data_start                 
ffffffff  __binit__                            
ffffffff  binit                                
UNDEFED   __mpu_init                           
UNDEFED   _system_post_cinit                   

[235 symbols]
