<?xml version="1.0" encoding="ISO-8859-1" ?>
<link_info>
   <banner>TI ARM Clang Linker PC v4.0.0.LTS</banner>
   <copyright>Copyright (c) 1996-2018 Texas Instruments Incorporated</copyright>
   <command_line>C:\ti\ccstheia151\ccs\tools\compiler\ti-cgt-armllvm_4.0.0.LTS\bin\tiarmlnk -IC:\ti\ccstheia151\ccs\tools\compiler\ti-cgt-armllvm_4.0.0.LTS\lib -o 2019D.out -m2019D.map -iC:/ti/mspm0_sdk_2_04_00_06/source -iD:/CodeField/temp/2019D -iD:/CodeField/temp/2019D/Debug/syscfg -iC:/ti/ccstheia151/ccs/tools/compiler/ti-cgt-armllvm_4.0.0.LTS/lib --diag_wrap=off --display_error_number --warn_sections --xml_link_info=2019D_linkInfo.xml --rom_model ./empty.o ./ti_msp_dl_config.o ./startup_mspm0g350x_ticlang.o ./USER/BTN/BTN.o ./USER/GUI/GUI.o ./USER/TICK/Tick.o ./USER/UART/UART.o ./USER/USERTASK/UserTask.o -l./device_linker.cmd -ldevice.cmd.genlibs -llibc.a --start-group -llibc++.a -llibc++abi.a -llibc.a -llibsys.a -llibsysbm.a -llibclang_rt.builtins.a -llibclang_rt.profile.a --end-group --cg_opt_level=2</command_line>
   <link_time>0x6828a70c</link_time>
   <link_errors>0x0</link_errors>
   <output_file>D:\CodeField\temp\2019D\Debug\2019D.out</output_file>
   <entry_point>
      <name>_c_int00_noargs</name>
      <address>0x4fed</address>
   </entry_point>
   <input_file_list>
      <input_file id="fl-1">
         <path>D:\CodeField\temp\2019D\Debug\.\</path>
         <kind>object</kind>
         <file>empty.o</file>
         <name>empty.o</name>
      </input_file>
      <input_file id="fl-2">
         <path>D:\CodeField\temp\2019D\Debug\.\</path>
         <kind>object</kind>
         <file>ti_msp_dl_config.o</file>
         <name>ti_msp_dl_config.o</name>
      </input_file>
      <input_file id="fl-3">
         <path>D:\CodeField\temp\2019D\Debug\.\</path>
         <kind>object</kind>
         <file>startup_mspm0g350x_ticlang.o</file>
         <name>startup_mspm0g350x_ticlang.o</name>
      </input_file>
      <input_file id="fl-4">
         <path>D:\CodeField\temp\2019D\Debug\.\USER\BTN\</path>
         <kind>object</kind>
         <file>BTN.o</file>
         <name>BTN.o</name>
      </input_file>
      <input_file id="fl-5">
         <path>D:\CodeField\temp\2019D\Debug\.\USER\GUI\</path>
         <kind>object</kind>
         <file>GUI.o</file>
         <name>GUI.o</name>
      </input_file>
      <input_file id="fl-6">
         <path>D:\CodeField\temp\2019D\Debug\.\USER\TICK\</path>
         <kind>object</kind>
         <file>Tick.o</file>
         <name>Tick.o</name>
      </input_file>
      <input_file id="fl-7">
         <path>D:\CodeField\temp\2019D\Debug\.\USER\UART\</path>
         <kind>object</kind>
         <file>UART.o</file>
         <name>UART.o</name>
      </input_file>
      <input_file id="fl-8">
         <path>D:\CodeField\temp\2019D\Debug\.\USER\USERTASK\</path>
         <kind>object</kind>
         <file>UserTask.o</file>
         <name>UserTask.o</name>
      </input_file>
      <input_file id="fl-15">
         <path>D:\CodeField\temp\2019D\Debug\</path>
         <kind>object</kind>
         <file>&lt;internal&gt;</file>
         <name>&lt;internal&gt;</name>
      </input_file>
      <input_file id="fl-16">
         <path>C:\ti\mspm0_sdk_2_04_00_06\source\ti\driverlib\lib\ticlang\m0p\mspm0g1x0x_g3x0x\</path>
         <kind>archive</kind>
         <file>driverlib.a</file>
         <name>dl_adc12.o</name>
      </input_file>
      <input_file id="fl-17">
         <path>C:\ti\mspm0_sdk_2_04_00_06\source\ti\driverlib\lib\ticlang\m0p\mspm0g1x0x_g3x0x\</path>
         <kind>archive</kind>
         <file>driverlib.a</file>
         <name>dl_common.o</name>
      </input_file>
      <input_file id="fl-18">
         <path>C:\ti\mspm0_sdk_2_04_00_06\source\ti\driverlib\lib\ticlang\m0p\mspm0g1x0x_g3x0x\</path>
         <kind>archive</kind>
         <file>driverlib.a</file>
         <name>dl_uart.o</name>
      </input_file>
      <input_file id="fl-19">
         <path>C:\ti\mspm0_sdk_2_04_00_06\source\ti\driverlib\lib\ticlang\m0p\mspm0g1x0x_g3x0x\</path>
         <kind>archive</kind>
         <file>driverlib.a</file>
         <name>dl_sysctl_mspm0g1x0x_g3x0x.o</name>
      </input_file>
      <input_file id="fl-2e">
         <path>C:\ti\ccstheia151\ccs\tools\compiler\ti-cgt-armllvm_4.0.0.LTS\lib\armv6m-ti-none-eabi\c\</path>
         <kind>archive</kind>
         <file>libc.a</file>
         <name>e_log10f.c.obj</name>
      </input_file>
      <input_file id="fl-2f">
         <path>C:\ti\ccstheia151\ccs\tools\compiler\ti-cgt-armllvm_4.0.0.LTS\lib\armv6m-ti-none-eabi\c\</path>
         <kind>archive</kind>
         <file>libc.a</file>
         <name>sprintf.c.obj</name>
      </input_file>
      <input_file id="fl-30">
         <path>C:\ti\ccstheia151\ccs\tools\compiler\ti-cgt-armllvm_4.0.0.LTS\lib\armv6m-ti-none-eabi\c\</path>
         <kind>archive</kind>
         <file>libc.a</file>
         <name>e_pow.c.obj</name>
      </input_file>
      <input_file id="fl-31">
         <path>C:\ti\ccstheia151\ccs\tools\compiler\ti-cgt-armllvm_4.0.0.LTS\lib\armv6m-ti-none-eabi\c\</path>
         <kind>archive</kind>
         <file>libc.a</file>
         <name>e_sqrt.c.obj</name>
      </input_file>
      <input_file id="fl-32">
         <path>C:\ti\ccstheia151\ccs\tools\compiler\ti-cgt-armllvm_4.0.0.LTS\lib\armv6m-ti-none-eabi\c\</path>
         <kind>archive</kind>
         <file>libc.a</file>
         <name>s_scalbn.c.obj</name>
      </input_file>
      <input_file id="fl-33">
         <path>C:\ti\ccstheia151\ccs\tools\compiler\ti-cgt-armllvm_4.0.0.LTS\lib\armv6m-ti-none-eabi\c\</path>
         <kind>archive</kind>
         <file>libc.a</file>
         <name>aeabi_portable.c.obj</name>
      </input_file>
      <input_file id="fl-34">
         <path>C:\ti\ccstheia151\ccs\tools\compiler\ti-cgt-armllvm_4.0.0.LTS\lib\armv6m-ti-none-eabi\c\</path>
         <kind>archive</kind>
         <file>libc.a</file>
         <name>assert.c.obj</name>
      </input_file>
      <input_file id="fl-35">
         <path>C:\ti\ccstheia151\ccs\tools\compiler\ti-cgt-armllvm_4.0.0.LTS\lib\armv6m-ti-none-eabi\c\</path>
         <kind>archive</kind>
         <file>libc.a</file>
         <name>defs.c.obj</name>
      </input_file>
      <input_file id="fl-36">
         <path>C:\ti\ccstheia151\ccs\tools\compiler\ti-cgt-armllvm_4.0.0.LTS\lib\armv6m-ti-none-eabi\c\</path>
         <kind>archive</kind>
         <file>libc.a</file>
         <name>memory.c.obj</name>
      </input_file>
      <input_file id="fl-37">
         <path>C:\ti\ccstheia151\ccs\tools\compiler\ti-cgt-armllvm_4.0.0.LTS\lib\armv6m-ti-none-eabi\c\</path>
         <kind>archive</kind>
         <file>libc.a</file>
         <name>strtof.c.obj</name>
      </input_file>
      <input_file id="fl-38">
         <path>C:\ti\ccstheia151\ccs\tools\compiler\ti-cgt-armllvm_4.0.0.LTS\lib\armv6m-ti-none-eabi\c\</path>
         <kind>archive</kind>
         <file>libc.a</file>
         <name>boot_cortex_m.c.obj</name>
      </input_file>
      <input_file id="fl-39">
         <path>C:\ti\ccstheia151\ccs\tools\compiler\ti-cgt-armllvm_4.0.0.LTS\lib\armv6m-ti-none-eabi\c\</path>
         <kind>archive</kind>
         <file>libc.a</file>
         <name>mathacl_init.c.obj</name>
      </input_file>
      <input_file id="fl-3a">
         <path>C:\ti\ccstheia151\ccs\tools\compiler\ti-cgt-armllvm_4.0.0.LTS\lib\armv6m-ti-none-eabi\c\</path>
         <kind>archive</kind>
         <file>libc.a</file>
         <name>autoinit.c.obj</name>
      </input_file>
      <input_file id="fl-3b">
         <path>C:\ti\ccstheia151\ccs\tools\compiler\ti-cgt-armllvm_4.0.0.LTS\lib\armv6m-ti-none-eabi\c\</path>
         <kind>archive</kind>
         <file>libc.a</file>
         <name>pre_init.c.obj</name>
      </input_file>
      <input_file id="fl-3c">
         <path>C:\ti\ccstheia151\ccs\tools\compiler\ti-cgt-armllvm_4.0.0.LTS\lib\armv6m-ti-none-eabi\c\</path>
         <kind>archive</kind>
         <file>libc.a</file>
         <name>cpy_tbl.c.obj</name>
      </input_file>
      <input_file id="fl-3d">
         <path>C:\ti\ccstheia151\ccs\tools\compiler\ti-cgt-armllvm_4.0.0.LTS\lib\armv6m-ti-none-eabi\c\</path>
         <kind>archive</kind>
         <file>libc.a</file>
         <name>copy_zero_init.c.obj</name>
      </input_file>
      <input_file id="fl-3e">
         <path>C:\ti\ccstheia151\ccs\tools\compiler\ti-cgt-armllvm_4.0.0.LTS\lib\armv6m-ti-none-eabi\c\</path>
         <kind>archive</kind>
         <file>libc.a</file>
         <name>copy_decompress_none.c.obj</name>
      </input_file>
      <input_file id="fl-3f">
         <path>C:\ti\ccstheia151\ccs\tools\compiler\ti-cgt-armllvm_4.0.0.LTS\lib\armv6m-ti-none-eabi\c\</path>
         <kind>archive</kind>
         <file>libc.a</file>
         <name>copy_decompress_lzss.c.obj</name>
      </input_file>
      <input_file id="fl-40">
         <path>C:\ti\ccstheia151\ccs\tools\compiler\ti-cgt-armllvm_4.0.0.LTS\lib\armv6m-ti-none-eabi\c\</path>
         <kind>archive</kind>
         <file>libc.a</file>
         <name>s_scalbnf.c.obj</name>
      </input_file>
      <input_file id="fl-41">
         <path>C:\ti\ccstheia151\ccs\tools\compiler\ti-cgt-armllvm_4.0.0.LTS\lib\armv6m-ti-none-eabi\c\</path>
         <kind>archive</kind>
         <file>libc.a</file>
         <name>_printfi.c.obj</name>
      </input_file>
      <input_file id="fl-42">
         <path>C:\ti\ccstheia151\ccs\tools\compiler\ti-cgt-armllvm_4.0.0.LTS\lib\armv6m-ti-none-eabi\c\</path>
         <kind>archive</kind>
         <file>libc.a</file>
         <name>fflush.c.obj</name>
      </input_file>
      <input_file id="fl-43">
         <path>C:\ti\ccstheia151\ccs\tools\compiler\ti-cgt-armllvm_4.0.0.LTS\lib\armv6m-ti-none-eabi\c\</path>
         <kind>archive</kind>
         <file>libc.a</file>
         <name>fputs.c.obj</name>
      </input_file>
      <input_file id="fl-44">
         <path>C:\ti\ccstheia151\ccs\tools\compiler\ti-cgt-armllvm_4.0.0.LTS\lib\armv6m-ti-none-eabi\c\</path>
         <kind>archive</kind>
         <file>libc.a</file>
         <name>_io_perm.c.obj</name>
      </input_file>
      <input_file id="fl-45">
         <path>C:\ti\ccstheia151\ccs\tools\compiler\ti-cgt-armllvm_4.0.0.LTS\lib\armv6m-ti-none-eabi\c\</path>
         <kind>archive</kind>
         <file>libc.a</file>
         <name>setvbuf.c.obj</name>
      </input_file>
      <input_file id="fl-46">
         <path>C:\ti\ccstheia151\ccs\tools\compiler\ti-cgt-armllvm_4.0.0.LTS\lib\armv6m-ti-none-eabi\c\</path>
         <kind>archive</kind>
         <file>libc.a</file>
         <name>wcslen.c.obj</name>
      </input_file>
      <input_file id="fl-47">
         <path>C:\ti\ccstheia151\ccs\tools\compiler\ti-cgt-armllvm_4.0.0.LTS\lib\armv6m-ti-none-eabi\c\</path>
         <kind>archive</kind>
         <file>libc.a</file>
         <name>s_frexp.c.obj</name>
      </input_file>
      <input_file id="fl-48">
         <path>C:\ti\ccstheia151\ccs\tools\compiler\ti-cgt-armllvm_4.0.0.LTS\lib\armv6m-ti-none-eabi\c\</path>
         <kind>archive</kind>
         <file>libc.a</file>
         <name>aeabi_ctype.S.obj</name>
      </input_file>
      <input_file id="fl-49">
         <path>C:\ti\ccstheia151\ccs\tools\compiler\ti-cgt-armllvm_4.0.0.LTS\lib\armv6m-ti-none-eabi\c\</path>
         <kind>archive</kind>
         <file>libc.a</file>
         <name>exit.c.obj</name>
      </input_file>
      <input_file id="fl-4a">
         <path>C:\ti\ccstheia151\ccs\tools\compiler\ti-cgt-armllvm_4.0.0.LTS\lib\armv6m-ti-none-eabi\c\</path>
         <kind>archive</kind>
         <file>libc.a</file>
         <name>_lock.c.obj</name>
      </input_file>
      <input_file id="fl-4b">
         <path>C:\ti\ccstheia151\ccs\tools\compiler\ti-cgt-armllvm_4.0.0.LTS\lib\armv6m-ti-none-eabi\c\</path>
         <kind>archive</kind>
         <file>libc.a</file>
         <name>_ltoa.c.obj</name>
      </input_file>
      <input_file id="fl-4c">
         <path>C:\ti\ccstheia151\ccs\tools\compiler\ti-cgt-armllvm_4.0.0.LTS\lib\armv6m-ti-none-eabi\c\</path>
         <kind>archive</kind>
         <file>libc.a</file>
         <name>args_main.c.obj</name>
      </input_file>
      <input_file id="fl-4d">
         <path>C:\ti\ccstheia151\ccs\tools\compiler\ti-cgt-armllvm_4.0.0.LTS\lib\armv6m-ti-none-eabi\c\</path>
         <kind>archive</kind>
         <file>libc.a</file>
         <name>atoi.c.obj</name>
      </input_file>
      <input_file id="fl-4e">
         <path>C:\ti\ccstheia151\ccs\tools\compiler\ti-cgt-armllvm_4.0.0.LTS\lib\armv6m-ti-none-eabi\c\</path>
         <kind>archive</kind>
         <file>libc.a</file>
         <name>memccpy.c.obj</name>
      </input_file>
      <input_file id="fl-4f">
         <path>C:\ti\ccstheia151\ccs\tools\compiler\ti-cgt-armllvm_4.0.0.LTS\lib\armv6m-ti-none-eabi\c\</path>
         <kind>archive</kind>
         <file>libc.a</file>
         <name>fopen.c.obj</name>
      </input_file>
      <input_file id="fl-50">
         <path>C:\ti\ccstheia151\ccs\tools\compiler\ti-cgt-armllvm_4.0.0.LTS\lib\armv6m-ti-none-eabi\c\</path>
         <kind>archive</kind>
         <file>libc.a</file>
         <name>fseek.c.obj</name>
      </input_file>
      <input_file id="fl-51">
         <path>C:\ti\ccstheia151\ccs\tools\compiler\ti-cgt-armllvm_4.0.0.LTS\lib\armv6m-ti-none-eabi\c\</path>
         <kind>archive</kind>
         <file>libc.a</file>
         <name>fclose.c.obj</name>
      </input_file>
      <input_file id="fl-e7">
         <path>C:\ti\ccstheia151\ccs\tools\compiler\ti-cgt-armllvm_4.0.0.LTS\lib\armv6m-ti-none-eabi\c\</path>
         <kind>archive</kind>
         <file>libsysbm.a</file>
         <name>write.c.obj</name>
      </input_file>
      <input_file id="fl-e8">
         <path>C:\ti\ccstheia151\ccs\tools\compiler\ti-cgt-armllvm_4.0.0.LTS\lib\armv6m-ti-none-eabi\c\</path>
         <kind>archive</kind>
         <file>libsysbm.a</file>
         <name>host_device.c.obj</name>
      </input_file>
      <input_file id="fl-e9">
         <path>C:\ti\ccstheia151\ccs\tools\compiler\ti-cgt-armllvm_4.0.0.LTS\lib\armv6m-ti-none-eabi\c\</path>
         <kind>archive</kind>
         <file>libsysbm.a</file>
         <name>remove.c.obj</name>
      </input_file>
      <input_file id="fl-ea">
         <path>C:\ti\ccstheia151\ccs\tools\compiler\ti-cgt-armllvm_4.0.0.LTS\lib\armv6m-ti-none-eabi\c\</path>
         <kind>archive</kind>
         <file>libsysbm.a</file>
         <name>open.c.obj</name>
      </input_file>
      <input_file id="fl-eb">
         <path>C:\ti\ccstheia151\ccs\tools\compiler\ti-cgt-armllvm_4.0.0.LTS\lib\armv6m-ti-none-eabi\c\</path>
         <kind>archive</kind>
         <file>libsysbm.a</file>
         <name>lseek.c.obj</name>
      </input_file>
      <input_file id="fl-ec">
         <path>C:\ti\ccstheia151\ccs\tools\compiler\ti-cgt-armllvm_4.0.0.LTS\lib\armv6m-ti-none-eabi\c\</path>
         <kind>archive</kind>
         <file>libsysbm.a</file>
         <name>close.c.obj</name>
      </input_file>
      <input_file id="fl-ed">
         <path>C:\ti\ccstheia151\ccs\tools\compiler\ti-cgt-armllvm_4.0.0.LTS\lib\armv6m-ti-none-eabi\c\</path>
         <kind>archive</kind>
         <file>libsysbm.a</file>
         <name>unlink.c.obj</name>
      </input_file>
      <input_file id="fl-ee">
         <path>C:\ti\ccstheia151\ccs\tools\compiler\ti-cgt-armllvm_4.0.0.LTS\lib\armv6m-ti-none-eabi\c\</path>
         <kind>archive</kind>
         <file>libsysbm.a</file>
         <name>hostclose.c.obj</name>
      </input_file>
      <input_file id="fl-ef">
         <path>C:\ti\ccstheia151\ccs\tools\compiler\ti-cgt-armllvm_4.0.0.LTS\lib\armv6m-ti-none-eabi\c\</path>
         <kind>archive</kind>
         <file>libsysbm.a</file>
         <name>hostlseek.c.obj</name>
      </input_file>
      <input_file id="fl-f0">
         <path>C:\ti\ccstheia151\ccs\tools\compiler\ti-cgt-armllvm_4.0.0.LTS\lib\armv6m-ti-none-eabi\c\</path>
         <kind>archive</kind>
         <file>libsysbm.a</file>
         <name>hostopen.c.obj</name>
      </input_file>
      <input_file id="fl-f1">
         <path>C:\ti\ccstheia151\ccs\tools\compiler\ti-cgt-armllvm_4.0.0.LTS\lib\armv6m-ti-none-eabi\c\</path>
         <kind>archive</kind>
         <file>libsysbm.a</file>
         <name>hostread.c.obj</name>
      </input_file>
      <input_file id="fl-f2">
         <path>C:\ti\ccstheia151\ccs\tools\compiler\ti-cgt-armllvm_4.0.0.LTS\lib\armv6m-ti-none-eabi\c\</path>
         <kind>archive</kind>
         <file>libsysbm.a</file>
         <name>hostrename.c.obj</name>
      </input_file>
      <input_file id="fl-f3">
         <path>C:\ti\ccstheia151\ccs\tools\compiler\ti-cgt-armllvm_4.0.0.LTS\lib\armv6m-ti-none-eabi\c\</path>
         <kind>archive</kind>
         <file>libsysbm.a</file>
         <name>hostunlink.c.obj</name>
      </input_file>
      <input_file id="fl-f4">
         <path>C:\ti\ccstheia151\ccs\tools\compiler\ti-cgt-armllvm_4.0.0.LTS\lib\armv6m-ti-none-eabi\c\</path>
         <kind>archive</kind>
         <file>libsysbm.a</file>
         <name>hostwrite.c.obj</name>
      </input_file>
      <input_file id="fl-f5">
         <path>C:\ti\ccstheia151\ccs\tools\compiler\ti-cgt-armllvm_4.0.0.LTS\lib\armv6m-ti-none-eabi\c\</path>
         <kind>archive</kind>
         <file>libsysbm.a</file>
         <name>trgmsg.c.obj</name>
      </input_file>
      <input_file id="fl-f6">
         <path>C:\ti\ccstheia151\ccs\tools\compiler\ti-cgt-armllvm_4.0.0.LTS\lib\armv6m-ti-none-eabi\</path>
         <kind>archive</kind>
         <file>libclang_rt.builtins.a</file>
         <name>addsf3.S.obj</name>
      </input_file>
      <input_file id="fl-f7">
         <path>C:\ti\ccstheia151\ccs\tools\compiler\ti-cgt-armllvm_4.0.0.LTS\lib\armv6m-ti-none-eabi\</path>
         <kind>archive</kind>
         <file>libclang_rt.builtins.a</file>
         <name>adddf3.S.obj</name>
      </input_file>
      <input_file id="fl-f8">
         <path>C:\ti\ccstheia151\ccs\tools\compiler\ti-cgt-armllvm_4.0.0.LTS\lib\armv6m-ti-none-eabi\</path>
         <kind>archive</kind>
         <file>libclang_rt.builtins.a</file>
         <name>muldf3.S.obj</name>
      </input_file>
      <input_file id="fl-f9">
         <path>C:\ti\ccstheia151\ccs\tools\compiler\ti-cgt-armllvm_4.0.0.LTS\lib\armv6m-ti-none-eabi\</path>
         <kind>archive</kind>
         <file>libclang_rt.builtins.a</file>
         <name>muldsi3.S.obj</name>
      </input_file>
      <input_file id="fl-fa">
         <path>C:\ti\ccstheia151\ccs\tools\compiler\ti-cgt-armllvm_4.0.0.LTS\lib\armv6m-ti-none-eabi\</path>
         <kind>archive</kind>
         <file>libclang_rt.builtins.a</file>
         <name>mulsf3.S.obj</name>
      </input_file>
      <input_file id="fl-fb">
         <path>C:\ti\ccstheia151\ccs\tools\compiler\ti-cgt-armllvm_4.0.0.LTS\lib\armv6m-ti-none-eabi\</path>
         <kind>archive</kind>
         <file>libclang_rt.builtins.a</file>
         <name>divsf3.S.obj</name>
      </input_file>
      <input_file id="fl-fc">
         <path>C:\ti\ccstheia151\ccs\tools\compiler\ti-cgt-armllvm_4.0.0.LTS\lib\armv6m-ti-none-eabi\</path>
         <kind>archive</kind>
         <file>libclang_rt.builtins.a</file>
         <name>divdf3.S.obj</name>
      </input_file>
      <input_file id="fl-fd">
         <path>C:\ti\ccstheia151\ccs\tools\compiler\ti-cgt-armllvm_4.0.0.LTS\lib\armv6m-ti-none-eabi\</path>
         <kind>archive</kind>
         <file>libclang_rt.builtins.a</file>
         <name>extendsfdf2.S.obj</name>
      </input_file>
      <input_file id="fl-fe">
         <path>C:\ti\ccstheia151\ccs\tools\compiler\ti-cgt-armllvm_4.0.0.LTS\lib\armv6m-ti-none-eabi\</path>
         <kind>archive</kind>
         <file>libclang_rt.builtins.a</file>
         <name>fixdfsi.S.obj</name>
      </input_file>
      <input_file id="fl-ff">
         <path>C:\ti\ccstheia151\ccs\tools\compiler\ti-cgt-armllvm_4.0.0.LTS\lib\armv6m-ti-none-eabi\</path>
         <kind>archive</kind>
         <file>libclang_rt.builtins.a</file>
         <name>fixunsdfsi.S.obj</name>
      </input_file>
      <input_file id="fl-100">
         <path>C:\ti\ccstheia151\ccs\tools\compiler\ti-cgt-armllvm_4.0.0.LTS\lib\armv6m-ti-none-eabi\</path>
         <kind>archive</kind>
         <file>libclang_rt.builtins.a</file>
         <name>floatsidf.S.obj</name>
      </input_file>
      <input_file id="fl-101">
         <path>C:\ti\ccstheia151\ccs\tools\compiler\ti-cgt-armllvm_4.0.0.LTS\lib\armv6m-ti-none-eabi\</path>
         <kind>archive</kind>
         <file>libclang_rt.builtins.a</file>
         <name>floatsisf.S.obj</name>
      </input_file>
      <input_file id="fl-102">
         <path>C:\ti\ccstheia151\ccs\tools\compiler\ti-cgt-armllvm_4.0.0.LTS\lib\armv6m-ti-none-eabi\</path>
         <kind>archive</kind>
         <file>libclang_rt.builtins.a</file>
         <name>floatunsisf.S.obj</name>
      </input_file>
      <input_file id="fl-103">
         <path>C:\ti\ccstheia151\ccs\tools\compiler\ti-cgt-armllvm_4.0.0.LTS\lib\armv6m-ti-none-eabi\</path>
         <kind>archive</kind>
         <file>libclang_rt.builtins.a</file>
         <name>muldi3.S.obj</name>
      </input_file>
      <input_file id="fl-104">
         <path>C:\ti\ccstheia151\ccs\tools\compiler\ti-cgt-armllvm_4.0.0.LTS\lib\armv6m-ti-none-eabi\</path>
         <kind>archive</kind>
         <file>libclang_rt.builtins.a</file>
         <name>truncdfsf2.S.obj</name>
      </input_file>
      <input_file id="fl-105">
         <path>C:\ti\ccstheia151\ccs\tools\compiler\ti-cgt-armllvm_4.0.0.LTS\lib\armv6m-ti-none-eabi\</path>
         <kind>archive</kind>
         <file>libclang_rt.builtins.a</file>
         <name>aeabi_dcmp.S.obj</name>
      </input_file>
      <input_file id="fl-106">
         <path>C:\ti\ccstheia151\ccs\tools\compiler\ti-cgt-armllvm_4.0.0.LTS\lib\armv6m-ti-none-eabi\</path>
         <kind>archive</kind>
         <file>libclang_rt.builtins.a</file>
         <name>aeabi_fcmp.S.obj</name>
      </input_file>
      <input_file id="fl-107">
         <path>C:\ti\ccstheia151\ccs\tools\compiler\ti-cgt-armllvm_4.0.0.LTS\lib\armv6m-ti-none-eabi\</path>
         <kind>archive</kind>
         <file>libclang_rt.builtins.a</file>
         <name>aeabi_idivmod.S.obj</name>
      </input_file>
      <input_file id="fl-108">
         <path>C:\ti\ccstheia151\ccs\tools\compiler\ti-cgt-armllvm_4.0.0.LTS\lib\armv6m-ti-none-eabi\</path>
         <kind>archive</kind>
         <file>libclang_rt.builtins.a</file>
         <name>aeabi_memcpy.S.obj</name>
      </input_file>
      <input_file id="fl-109">
         <path>C:\ti\ccstheia151\ccs\tools\compiler\ti-cgt-armllvm_4.0.0.LTS\lib\armv6m-ti-none-eabi\</path>
         <kind>archive</kind>
         <file>libclang_rt.builtins.a</file>
         <name>aeabi_memset.S.obj</name>
      </input_file>
      <input_file id="fl-10a">
         <path>C:\ti\ccstheia151\ccs\tools\compiler\ti-cgt-armllvm_4.0.0.LTS\lib\armv6m-ti-none-eabi\</path>
         <kind>archive</kind>
         <file>libclang_rt.builtins.a</file>
         <name>aeabi_uidivmod.S.obj</name>
      </input_file>
      <input_file id="fl-10b">
         <path>C:\ti\ccstheia151\ccs\tools\compiler\ti-cgt-armllvm_4.0.0.LTS\lib\armv6m-ti-none-eabi\</path>
         <kind>archive</kind>
         <file>libclang_rt.builtins.a</file>
         <name>aeabi_uldivmod.S.obj</name>
      </input_file>
      <input_file id="fl-10c">
         <path>C:\ti\ccstheia151\ccs\tools\compiler\ti-cgt-armllvm_4.0.0.LTS\lib\armv6m-ti-none-eabi\</path>
         <kind>archive</kind>
         <file>libclang_rt.builtins.a</file>
         <name>comparesf2.S.obj</name>
      </input_file>
      <input_file id="fl-10d">
         <path>C:\ti\ccstheia151\ccs\tools\compiler\ti-cgt-armllvm_4.0.0.LTS\lib\armv6m-ti-none-eabi\</path>
         <kind>archive</kind>
         <file>libclang_rt.builtins.a</file>
         <name>udivmoddi4.S.obj</name>
      </input_file>
      <input_file id="fl-10e">
         <path>C:\ti\ccstheia151\ccs\tools\compiler\ti-cgt-armllvm_4.0.0.LTS\lib\armv6m-ti-none-eabi\</path>
         <kind>archive</kind>
         <file>libclang_rt.builtins.a</file>
         <name>ashldi3.S.obj</name>
      </input_file>
      <input_file id="fl-10f">
         <path>C:\ti\ccstheia151\ccs\tools\compiler\ti-cgt-armllvm_4.0.0.LTS\lib\armv6m-ti-none-eabi\</path>
         <kind>archive</kind>
         <file>libclang_rt.builtins.a</file>
         <name>comparedf2.c.obj</name>
      </input_file>
      <input_file id="fl-110">
         <path>C:\ti\ccstheia151\ccs\tools\compiler\ti-cgt-armllvm_4.0.0.LTS\lib\armv6m-ti-none-eabi\</path>
         <kind>archive</kind>
         <file>libclang_rt.builtins.a</file>
         <name>aeabi_div0.c.obj</name>
      </input_file>
      <input_file id="fl-111">
         <path>C:\ti\ccstheia151\ccs\tools\compiler\ti-cgt-armllvm_4.0.0.LTS\lib\armv6m-ti-none-eabi\c\</path>
         <kind>archive</kind>
         <file>libc.a</file>
         <name>getdevice.c.obj</name>
      </input_file>
      <input_file id="fl-112">
         <path>C:\ti\ccstheia151\ccs\tools\compiler\ti-cgt-armllvm_4.0.0.LTS\lib\armv6m-ti-none-eabi\c\</path>
         <kind>archive</kind>
         <file>libc.a</file>
         <name>memcpy16.S.obj</name>
      </input_file>
      <input_file id="fl-113">
         <path>C:\ti\ccstheia151\ccs\tools\compiler\ti-cgt-armllvm_4.0.0.LTS\lib\armv6m-ti-none-eabi\c\</path>
         <kind>archive</kind>
         <file>libc.a</file>
         <name>memset16.S.obj</name>
      </input_file>
      <input_file id="fl-114">
         <path>C:\ti\ccstheia151\ccs\tools\compiler\ti-cgt-armllvm_4.0.0.LTS\lib\armv6m-ti-none-eabi\c\</path>
         <kind>archive</kind>
         <file>libc.a</file>
         <name>strcmp-armv6m.S.obj</name>
      </input_file>
   </input_file_list>
   <object_component_list>
      <object_component id="oc-18">
         <name>.intvecs</name>
         <load_address>0x0</load_address>
         <readonly>true</readonly>
         <run_address>0x0</run_address>
         <size>0xc0</size>
         <alignment>0x4</alignment>
         <input_file_ref idref="fl-3"/>
      </object_component>
      <object_component id="oc-11c">
         <name>.text.pow</name>
         <load_address>0xc0</load_address>
         <readonly>true</readonly>
         <executable>true</executable>
         <run_address>0xc0</run_address>
         <size>0xa48</size>
         <alignment>0x4</alignment>
         <input_file_ref idref="fl-30"/>
      </object_component>
      <object_component id="oc-230">
         <name>.text:__TI_printfi</name>
         <load_address>0xb08</load_address>
         <readonly>true</readonly>
         <executable>true</executable>
         <run_address>0xb08</run_address>
         <size>0x9d0</size>
         <alignment>0x4</alignment>
         <input_file_ref idref="fl-41"/>
      </object_component>
      <object_component id="oc-d5">
         <name>.text.PlotAmpFreq</name>
         <load_address>0x14d8</load_address>
         <readonly>true</readonly>
         <executable>true</executable>
         <run_address>0x14d8</run_address>
         <size>0x730</size>
         <alignment>0x4</alignment>
         <input_file_ref idref="fl-8"/>
      </object_component>
      <object_component id="oc-d3">
         <name>.text.CalErrGet</name>
         <load_address>0x1c08</load_address>
         <readonly>true</readonly>
         <executable>true</executable>
         <run_address>0x1c08</run_address>
         <size>0x42c</size>
         <alignment>0x4</alignment>
         <input_file_ref idref="fl-8"/>
      </object_component>
      <object_component id="oc-13e">
         <name>.text.Err_Screen_Update</name>
         <load_address>0x2034</load_address>
         <readonly>true</readonly>
         <executable>true</executable>
         <run_address>0x2034</run_address>
         <size>0x3a0</size>
         <alignment>0x4</alignment>
         <input_file_ref idref="fl-8"/>
      </object_component>
      <object_component id="oc-152">
         <name>.text.strtof</name>
         <load_address>0x23d4</load_address>
         <readonly>true</readonly>
         <executable>true</executable>
         <run_address>0x23d4</run_address>
         <size>0x360</size>
         <alignment>0x4</alignment>
         <input_file_ref idref="fl-37"/>
      </object_component>
      <object_component id="oc-d6">
         <name>.text.CalOutputImp</name>
         <load_address>0x2734</load_address>
         <readonly>true</readonly>
         <executable>true</executable>
         <run_address>0x2734</run_address>
         <size>0x334</size>
         <alignment>0x4</alignment>
         <input_file_ref idref="fl-8"/>
      </object_component>
      <object_component id="oc-24b">
         <name>.text._pconv_a</name>
         <load_address>0x2a68</load_address>
         <readonly>true</readonly>
         <executable>true</executable>
         <run_address>0x2a68</run_address>
         <size>0x220</size>
         <alignment>0x4</alignment>
         <input_file_ref idref="fl-41"/>
      </object_component>
      <object_component id="oc-24c">
         <name>.text._pconv_g</name>
         <load_address>0x2c88</load_address>
         <readonly>true</readonly>
         <executable>true</executable>
         <run_address>0x2c88</run_address>
         <size>0x1dc</size>
         <alignment>0x4</alignment>
         <input_file_ref idref="fl-41"/>
      </object_component>
      <object_component id="oc-158">
         <name>.text.log10f</name>
         <load_address>0x2e64</load_address>
         <readonly>true</readonly>
         <executable>true</executable>
         <run_address>0x2e64</run_address>
         <size>0x194</size>
         <alignment>0x4</alignment>
         <input_file_ref idref="fl-2e"/>
      </object_component>
      <object_component id="oc-114">
         <name>.text.adddf3_subdf3</name>
         <load_address>0x2ff8</load_address>
         <readonly>true</readonly>
         <executable>true</executable>
         <run_address>0x2ff8</run_address>
         <size>0x192</size>
         <alignment>0x4</alignment>
         <input_file_ref idref="fl-f7"/>
      </object_component>
      <object_component id="oc-33">
         <name>.text.Default_Handler</name>
         <load_address>0x318a</load_address>
         <readonly>true</readonly>
         <executable>true</executable>
         <run_address>0x318a</run_address>
         <size>0x2</size>
         <alignment>0x2</alignment>
         <input_file_ref idref="fl-3"/>
      </object_component>
      <object_component id="oc-d4">
         <name>.text.CalGain</name>
         <load_address>0x318c</load_address>
         <readonly>true</readonly>
         <executable>true</executable>
         <run_address>0x318c</run_address>
         <size>0x174</size>
         <alignment>0x4</alignment>
         <input_file_ref idref="fl-8"/>
      </object_component>
      <object_component id="oc-1ba">
         <name>.text.sqrt</name>
         <load_address>0x3300</load_address>
         <readonly>true</readonly>
         <executable>true</executable>
         <run_address>0x3300</run_address>
         <size>0x170</size>
         <alignment>0x4</alignment>
         <input_file_ref idref="fl-31"/>
      </object_component>
      <object_component id="oc-d2">
         <name>.text.CalInputImp</name>
         <load_address>0x3470</load_address>
         <readonly>true</readonly>
         <executable>true</executable>
         <run_address>0x3470</run_address>
         <size>0x15c</size>
         <alignment>0x4</alignment>
         <input_file_ref idref="fl-8"/>
      </object_component>
      <object_component id="oc-26f">
         <name>.text.fcvt</name>
         <load_address>0x35cc</load_address>
         <readonly>true</readonly>
         <executable>true</executable>
         <run_address>0x35cc</run_address>
         <size>0x13c</size>
         <alignment>0x4</alignment>
         <input_file_ref idref="fl-41"/>
      </object_component>
      <object_component id="oc-24e">
         <name>.text._pconv_e</name>
         <load_address>0x3708</load_address>
         <readonly>true</readonly>
         <executable>true</executable>
         <run_address>0x3708</run_address>
         <size>0x120</size>
         <alignment>0x4</alignment>
         <input_file_ref idref="fl-41"/>
      </object_component>
      <object_component id="oc-118">
         <name>.text.__divdf3</name>
         <load_address>0x3828</load_address>
         <readonly>true</readonly>
         <executable>true</executable>
         <run_address>0x3828</run_address>
         <size>0x10c</size>
         <alignment>0x4</alignment>
         <input_file_ref idref="fl-fc"/>
      </object_component>
      <object_component id="oc-15e">
         <name>.text.__muldf3</name>
         <load_address>0x3934</load_address>
         <readonly>true</readonly>
         <executable>true</executable>
         <run_address>0x3934</run_address>
         <size>0xe4</size>
         <alignment>0x4</alignment>
         <input_file_ref idref="fl-f8"/>
      </object_component>
      <object_component id="oc-e8">
         <name>.text.DL_SYSCTL_configSYSPLL</name>
         <load_address>0x3a18</load_address>
         <readonly>true</readonly>
         <executable>true</executable>
         <run_address>0x3a18</run_address>
         <size>0xdc</size>
         <alignment>0x4</alignment>
         <input_file_ref idref="fl-19"/>
      </object_component>
      <object_component id="oc-1b5">
         <name>.text.scalbn</name>
         <load_address>0x3af4</load_address>
         <readonly>true</readonly>
         <executable>true</executable>
         <run_address>0x3af4</run_address>
         <size>0xd8</size>
         <alignment>0x4</alignment>
         <input_file_ref idref="fl-32"/>
      </object_component>
      <object_component id="oc-126">
         <name>.text</name>
         <load_address>0x3bcc</load_address>
         <readonly>true</readonly>
         <executable>true</executable>
         <run_address>0x3bcc</run_address>
         <size>0xd8</size>
         <alignment>0x4</alignment>
         <input_file_ref idref="fl-f6"/>
      </object_component>
      <object_component id="oc-1ef">
         <name>.text.scalbnf</name>
         <load_address>0x3ca4</load_address>
         <readonly>true</readonly>
         <executable>true</executable>
         <run_address>0x3ca4</run_address>
         <size>0xb0</size>
         <alignment>0x4</alignment>
         <input_file_ref idref="fl-40"/>
      </object_component>
      <object_component id="oc-cb">
         <name>.text.BTN_getData</name>
         <load_address>0x3d54</load_address>
         <readonly>true</readonly>
         <executable>true</executable>
         <run_address>0x3d54</run_address>
         <size>0xac</size>
         <alignment>0x4</alignment>
         <input_file_ref idref="fl-4"/>
      </object_component>
      <object_component id="oc-259">
         <name>.text</name>
         <load_address>0x3e00</load_address>
         <readonly>true</readonly>
         <executable>true</executable>
         <run_address>0x3e00</run_address>
         <size>0xa2</size>
         <alignment>0x4</alignment>
         <input_file_ref idref="fl-10d"/>
      </object_component>
      <object_component id="oc-8f">
         <name>.text:memcpy</name>
         <load_address>0x3ea2</load_address>
         <readonly>true</readonly>
         <executable>true</executable>
         <run_address>0x3ea2</run_address>
         <size>0x9a</size>
         <alignment>0x1</alignment>
         <input_file_ref idref="fl-112"/>
      </object_component>
      <object_component id="oc-131">
         <name>.text.Param_update</name>
         <load_address>0x3f3c</load_address>
         <readonly>true</readonly>
         <executable>true</executable>
         <run_address>0x3f3c</run_address>
         <size>0x8c</size>
         <alignment>0x4</alignment>
         <input_file_ref idref="fl-8"/>
      </object_component>
      <object_component id="oc-108">
         <name>.text.__mulsf3</name>
         <load_address>0x3fc8</load_address>
         <readonly>true</readonly>
         <executable>true</executable>
         <run_address>0x3fc8</run_address>
         <size>0x8c</size>
         <alignment>0x4</alignment>
         <input_file_ref idref="fl-fa"/>
      </object_component>
      <object_component id="oc-10c">
         <name>.text.__divsf3</name>
         <load_address>0x4054</load_address>
         <readonly>true</readonly>
         <executable>true</executable>
         <run_address>0x4054</run_address>
         <size>0x82</size>
         <alignment>0x4</alignment>
         <input_file_ref idref="fl-fb"/>
      </object_component>
      <object_component id="oc-1cf">
         <name>.text.__aeabi_idiv0</name>
         <load_address>0x40d6</load_address>
         <readonly>true</readonly>
         <executable>true</executable>
         <run_address>0x40d6</run_address>
         <size>0x2</size>
         <alignment>0x2</alignment>
         <input_file_ref idref="fl-110"/>
      </object_component>
      <object_component id="oc-c1">
         <name>.text.SYSCFG_DL_SYSCTL_init</name>
         <load_address>0x40d8</load_address>
         <readonly>true</readonly>
         <executable>true</executable>
         <run_address>0x40d8</run_address>
         <size>0x80</size>
         <alignment>0x4</alignment>
         <input_file_ref idref="fl-2"/>
      </object_component>
      <object_component id="oc-c4">
         <name>.text.SYSCFG_DL_UART_0_init</name>
         <load_address>0x4158</load_address>
         <readonly>true</readonly>
         <executable>true</executable>
         <run_address>0x4158</run_address>
         <size>0x80</size>
         <alignment>0x4</alignment>
         <input_file_ref idref="fl-2"/>
      </object_component>
      <object_component id="oc-3e">
         <name>.text.UART0_IRQHandler</name>
         <load_address>0x41d8</load_address>
         <readonly>true</readonly>
         <executable>true</executable>
         <run_address>0x41d8</run_address>
         <size>0x80</size>
         <alignment>0x4</alignment>
         <input_file_ref idref="fl-1"/>
      </object_component>
      <object_component id="oc-c6">
         <name>.text.SYSCFG_DL_ADC12_0_init</name>
         <load_address>0x4258</load_address>
         <readonly>true</readonly>
         <executable>true</executable>
         <run_address>0x4258</run_address>
         <size>0x7c</size>
         <alignment>0x4</alignment>
         <input_file_ref idref="fl-2"/>
      </object_component>
      <object_component id="oc-34">
         <name>.text.SysTick_Handler</name>
         <load_address>0x42d4</load_address>
         <readonly>true</readonly>
         <executable>true</executable>
         <run_address>0x42d4</run_address>
         <size>0x7c</size>
         <alignment>0x4</alignment>
         <input_file_ref idref="fl-6"/>
      </object_component>
      <object_component id="oc-1c">
         <name>.text:decompress:lzss</name>
         <load_address>0x4350</load_address>
         <readonly>true</readonly>
         <executable>true</executable>
         <run_address>0x4350</run_address>
         <size>0x7c</size>
         <alignment>0x4</alignment>
         <input_file_ref idref="fl-3f"/>
      </object_component>
      <object_component id="oc-212">
         <name>.text.__gedf2</name>
         <load_address>0x43cc</load_address>
         <readonly>true</readonly>
         <executable>true</executable>
         <run_address>0x43cc</run_address>
         <size>0x74</size>
         <alignment>0x4</alignment>
         <input_file_ref idref="fl-10f"/>
      </object_component>
      <object_component id="oc-122">
         <name>.text.__truncdfsf2</name>
         <load_address>0x4440</load_address>
         <readonly>true</readonly>
         <executable>true</executable>
         <run_address>0x4440</run_address>
         <size>0x74</size>
         <alignment>0x10</alignment>
         <input_file_ref idref="fl-104"/>
      </object_component>
      <object_component id="oc-99">
         <name>.text.BTNScan</name>
         <load_address>0x44b4</load_address>
         <readonly>true</readonly>
         <executable>true</executable>
         <run_address>0x44b4</run_address>
         <size>0x6c</size>
         <alignment>0x4</alignment>
         <input_file_ref idref="fl-8"/>
      </object_component>
      <object_component id="oc-20c">
         <name>.text.__ledf2</name>
         <load_address>0x4520</load_address>
         <readonly>true</readonly>
         <executable>true</executable>
         <run_address>0x4520</run_address>
         <size>0x68</size>
         <alignment>0x4</alignment>
         <input_file_ref idref="fl-10f"/>
      </object_component>
      <object_component id="oc-26e">
         <name>.text._mcpy</name>
         <load_address>0x4588</load_address>
         <readonly>true</readonly>
         <executable>true</executable>
         <run_address>0x4588</run_address>
         <size>0x66</size>
         <alignment>0x2</alignment>
         <input_file_ref idref="fl-41"/>
      </object_component>
      <object_component id="oc-271">
         <name>.text.__aeabi_ldiv0</name>
         <load_address>0x45ee</load_address>
         <readonly>true</readonly>
         <executable>true</executable>
         <run_address>0x45ee</run_address>
         <size>0x2</size>
         <alignment>0x2</alignment>
         <input_file_ref idref="fl-110"/>
      </object_component>
      <object_component id="oc-c0">
         <name>.text.SYSCFG_DL_GPIO_init</name>
         <load_address>0x45f0</load_address>
         <readonly>true</readonly>
         <executable>true</executable>
         <run_address>0x45f0</run_address>
         <size>0x64</size>
         <alignment>0x4</alignment>
         <input_file_ref idref="fl-2"/>
      </object_component>
      <object_component id="oc-130">
         <name>.text.sendNum</name>
         <load_address>0x4654</load_address>
         <readonly>true</readonly>
         <executable>true</executable>
         <run_address>0x4654</run_address>
         <size>0x64</size>
         <alignment>0x4</alignment>
         <input_file_ref idref="fl-7"/>
      </object_component>
      <object_component id="oc-1af">
         <name>.text.__aeabi_dcmp</name>
         <load_address>0x46b8</load_address>
         <readonly>true</readonly>
         <executable>true</executable>
         <run_address>0x46b8</run_address>
         <size>0x62</size>
         <alignment>0x4</alignment>
         <input_file_ref idref="fl-105"/>
      </object_component>
      <object_component id="oc-13a">
         <name>.text.__aeabi_fcmp</name>
         <load_address>0x471c</load_address>
         <readonly>true</readonly>
         <executable>true</executable>
         <run_address>0x471c</run_address>
         <size>0x62</size>
         <alignment>0x4</alignment>
         <input_file_ref idref="fl-106"/>
      </object_component>
      <object_component id="oc-be">
         <name>.text:memset</name>
         <load_address>0x477e</load_address>
         <readonly>true</readonly>
         <executable>true</executable>
         <run_address>0x477e</run_address>
         <size>0x62</size>
         <alignment>0x1</alignment>
         <input_file_ref idref="fl-113"/>
      </object_component>
      <object_component id="oc-c5">
         <name>.text.SYSCFG_DL_UART_1_init</name>
         <load_address>0x47e0</load_address>
         <readonly>true</readonly>
         <executable>true</executable>
         <run_address>0x47e0</run_address>
         <size>0x60</size>
         <alignment>0x4</alignment>
         <input_file_ref idref="fl-2"/>
      </object_component>
      <object_component id="oc-c3">
         <name>.text.SYSCFG_DL_UART_2_init</name>
         <load_address>0x4840</load_address>
         <readonly>true</readonly>
         <executable>true</executable>
         <run_address>0x4840</run_address>
         <size>0x60</size>
         <alignment>0x4</alignment>
         <input_file_ref idref="fl-2"/>
      </object_component>
      <object_component id="oc-25e">
         <name>.text.frexp</name>
         <load_address>0x48a0</load_address>
         <readonly>true</readonly>
         <executable>true</executable>
         <run_address>0x48a0</run_address>
         <size>0x5c</size>
         <alignment>0x4</alignment>
         <input_file_ref idref="fl-47"/>
      </object_component>
      <object_component id="oc-266">
         <name>.text.__TI_ltoa</name>
         <load_address>0x48fc</load_address>
         <readonly>true</readonly>
         <executable>true</executable>
         <run_address>0x48fc</run_address>
         <size>0x58</size>
         <alignment>0x2</alignment>
         <input_file_ref idref="fl-4b"/>
      </object_component>
      <object_component id="oc-24d">
         <name>.text._pconv_f</name>
         <load_address>0x4954</load_address>
         <readonly>true</readonly>
         <executable>true</executable>
         <run_address>0x4954</run_address>
         <size>0x58</size>
         <alignment>0x2</alignment>
         <input_file_ref idref="fl-41"/>
      </object_component>
      <object_component id="oc-27b">
         <name>.text.__aeabi_idivmod</name>
         <load_address>0x49ac</load_address>
         <readonly>true</readonly>
         <executable>true</executable>
         <run_address>0x49ac</run_address>
         <size>0x56</size>
         <alignment>0x4</alignment>
         <input_file_ref idref="fl-107"/>
      </object_component>
      <object_component id="oc-bf">
         <name>.text.SYSCFG_DL_initPower</name>
         <load_address>0x4a04</load_address>
         <readonly>true</readonly>
         <executable>true</executable>
         <run_address>0x4a04</run_address>
         <size>0x54</size>
         <alignment>0x4</alignment>
         <input_file_ref idref="fl-2"/>
      </object_component>
      <object_component id="oc-26c">
         <name>.text._ecpy</name>
         <load_address>0x4a58</load_address>
         <readonly>true</readonly>
         <executable>true</executable>
         <run_address>0x4a58</run_address>
         <size>0x52</size>
         <alignment>0x2</alignment>
         <input_file_ref idref="fl-41"/>
      </object_component>
      <object_component id="oc-262">
         <name>.text.__fixdfsi</name>
         <load_address>0x4aac</load_address>
         <readonly>true</readonly>
         <executable>true</executable>
         <run_address>0x4aac</run_address>
         <size>0x4a</size>
         <alignment>0x4</alignment>
         <input_file_ref idref="fl-fe"/>
      </object_component>
      <object_component id="oc-f6">
         <name>.text.DL_UART_init</name>
         <load_address>0x4af8</load_address>
         <readonly>true</readonly>
         <executable>true</executable>
         <run_address>0x4af8</run_address>
         <size>0x48</size>
         <alignment>0x4</alignment>
         <input_file_ref idref="fl-18"/>
      </object_component>
      <object_component id="oc-ee">
         <name>.text.DL_SYSCTL_switchMCLKfromSYSOSCtoHSCLK</name>
         <load_address>0x4b40</load_address>
         <readonly>true</readonly>
         <executable>true</executable>
         <run_address>0x4b40</run_address>
         <size>0x44</size>
         <alignment>0x4</alignment>
         <input_file_ref idref="fl-19"/>
      </object_component>
      <object_component id="oc-162">
         <name>.text.__fixunsdfsi</name>
         <load_address>0x4b84</load_address>
         <readonly>true</readonly>
         <executable>true</executable>
         <run_address>0x4b84</run_address>
         <size>0x42</size>
         <alignment>0x4</alignment>
         <input_file_ref idref="fl-ff"/>
      </object_component>
      <object_component id="oc-fd">
         <name>.text.DL_ADC12_setClockConfig</name>
         <load_address>0x4bc8</load_address>
         <readonly>true</readonly>
         <executable>true</executable>
         <run_address>0x4bc8</run_address>
         <size>0x40</size>
         <alignment>0x4</alignment>
         <input_file_ref idref="fl-16"/>
      </object_component>
      <object_component id="oc-136">
         <name>.text.__aeabi_uidivmod</name>
         <load_address>0x4c08</load_address>
         <readonly>true</readonly>
         <executable>true</executable>
         <run_address>0x4c08</run_address>
         <size>0x40</size>
         <alignment>0x4</alignment>
         <input_file_ref idref="fl-10a"/>
      </object_component>
      <object_component id="oc-110">
         <name>.text.__extendsfdf2</name>
         <load_address>0x4c48</load_address>
         <readonly>true</readonly>
         <executable>true</executable>
         <run_address>0x4c48</run_address>
         <size>0x40</size>
         <alignment>0x4</alignment>
         <input_file_ref idref="fl-fd"/>
      </object_component>
      <object_component id="oc-23a">
         <name>.text.atoi</name>
         <load_address>0x4c88</load_address>
         <readonly>true</readonly>
         <executable>true</executable>
         <run_address>0x4c88</run_address>
         <size>0x40</size>
         <alignment>0x4</alignment>
         <input_file_ref idref="fl-4d"/>
      </object_component>
      <object_component id="oc-9e">
         <name>.text.TaskScan</name>
         <load_address>0x4cc8</load_address>
         <readonly>true</readonly>
         <executable>true</executable>
         <run_address>0x4cc8</run_address>
         <size>0x3c</size>
         <alignment>0x4</alignment>
         <input_file_ref idref="fl-8"/>
      </object_component>
      <object_component id="oc-1f8">
         <name>.text.__floatsisf</name>
         <load_address>0x4d04</load_address>
         <readonly>true</readonly>
         <executable>true</executable>
         <run_address>0x4d04</run_address>
         <size>0x3c</size>
         <alignment>0x4</alignment>
         <input_file_ref idref="fl-101"/>
      </object_component>
      <object_component id="oc-1da">
         <name>.text.__gtsf2</name>
         <load_address>0x4d40</load_address>
         <readonly>true</readonly>
         <executable>true</executable>
         <run_address>0x4d40</run_address>
         <size>0x3c</size>
         <alignment>0x4</alignment>
         <input_file_ref idref="fl-10c"/>
      </object_component>
      <object_component id="oc-a6">
         <name>.text:__TI_auto_init_nobinit_nopinit</name>
         <load_address>0x4d7c</load_address>
         <readonly>true</readonly>
         <executable>true</executable>
         <run_address>0x4d7c</run_address>
         <size>0x3c</size>
         <alignment>0x4</alignment>
         <input_file_ref idref="fl-3a"/>
      </object_component>
      <object_component id="oc-1d5">
         <name>.text.__eqsf2</name>
         <load_address>0x4db8</load_address>
         <readonly>true</readonly>
         <executable>true</executable>
         <run_address>0x4db8</run_address>
         <size>0x3a</size>
         <alignment>0x4</alignment>
         <input_file_ref idref="fl-10c"/>
      </object_component>
      <object_component id="oc-194">
         <name>.text.__muldsi3</name>
         <load_address>0x4df4</load_address>
         <readonly>true</readonly>
         <executable>true</executable>
         <run_address>0x4df4</run_address>
         <size>0x3a</size>
         <alignment>0x4</alignment>
         <input_file_ref idref="fl-f9"/>
      </object_component>
      <object_component id="oc-166">
         <name>.text.draw_line</name>
         <load_address>0x4e30</load_address>
         <readonly>true</readonly>
         <executable>true</executable>
         <run_address>0x4e30</run_address>
         <size>0x38</size>
         <alignment>0x4</alignment>
         <input_file_ref idref="fl-5"/>
      </object_component>
      <object_component id="oc-1c4">
         <name>.text.sprintf</name>
         <load_address>0x4e68</load_address>
         <readonly>true</readonly>
         <executable>true</executable>
         <run_address>0x4e68</run_address>
         <size>0x38</size>
         <alignment>0x4</alignment>
         <input_file_ref idref="fl-2f"/>
      </object_component>
      <object_component id="oc-16c">
         <name>.text.draw_dot</name>
         <load_address>0x4ea0</load_address>
         <readonly>true</readonly>
         <executable>true</executable>
         <run_address>0x4ea0</run_address>
         <size>0x34</size>
         <alignment>0x4</alignment>
         <input_file_ref idref="fl-5"/>
      </object_component>
      <object_component id="oc-12a">
         <name>.text.sendString</name>
         <load_address>0x4ed4</load_address>
         <readonly>true</readonly>
         <executable>true</executable>
         <run_address>0x4ed4</run_address>
         <size>0x34</size>
         <alignment>0x4</alignment>
         <input_file_ref idref="fl-7"/>
      </object_component>
      <object_component id="oc-c7">
         <name>.text.SYSCFG_DL_SYSTICK_init</name>
         <load_address>0x4f08</load_address>
         <readonly>true</readonly>
         <executable>true</executable>
         <run_address>0x4f08</run_address>
         <size>0x30</size>
         <alignment>0x4</alignment>
         <input_file_ref idref="fl-2"/>
      </object_component>
      <object_component id="oc-94">
         <name>.text.SYSCFG_DL_init</name>
         <load_address>0x4f38</load_address>
         <readonly>true</readonly>
         <executable>true</executable>
         <run_address>0x4f38</run_address>
         <size>0x30</size>
         <alignment>0x4</alignment>
         <input_file_ref idref="fl-2"/>
      </object_component>
      <object_component id="oc-26d">
         <name>.text._fcpy</name>
         <load_address>0x4f68</load_address>
         <readonly>true</readonly>
         <executable>true</executable>
         <run_address>0x4f68</run_address>
         <size>0x30</size>
         <alignment>0x2</alignment>
         <input_file_ref idref="fl-41"/>
      </object_component>
      <object_component id="oc-1aa">
         <name>.text.__floatsidf</name>
         <load_address>0x4f98</load_address>
         <readonly>true</readonly>
         <executable>true</executable>
         <run_address>0x4f98</run_address>
         <size>0x2c</size>
         <alignment>0x4</alignment>
         <input_file_ref idref="fl-100"/>
      </object_component>
      <object_component id="oc-104">
         <name>.text.__floatunsisf</name>
         <load_address>0x4fc4</load_address>
         <readonly>true</readonly>
         <executable>true</executable>
         <run_address>0x4fc4</run_address>
         <size>0x28</size>
         <alignment>0x4</alignment>
         <input_file_ref idref="fl-102"/>
      </object_component>
      <object_component id="oc-5b">
         <name>.text:_c_int00_noargs</name>
         <load_address>0x4fec</load_address>
         <readonly>true</readonly>
         <executable>true</executable>
         <run_address>0x4fec</run_address>
         <size>0x28</size>
         <alignment>0x4</alignment>
         <input_file_ref idref="fl-38"/>
      </object_component>
      <object_component id="oc-39">
         <name>.text.ADC0_IRQHandler</name>
         <load_address>0x5014</load_address>
         <readonly>true</readonly>
         <executable>true</executable>
         <run_address>0x5014</run_address>
         <size>0x24</size>
         <alignment>0x4</alignment>
         <input_file_ref idref="fl-1"/>
      </object_component>
      <object_component id="oc-242">
         <name>.text.__muldi3</name>
         <load_address>0x5038</load_address>
         <readonly>true</readonly>
         <executable>true</executable>
         <run_address>0x5038</run_address>
         <size>0x24</size>
         <alignment>0x4</alignment>
         <input_file_ref idref="fl-103"/>
      </object_component>
      <object_component id="oc-233">
         <name>.text.memccpy</name>
         <load_address>0x505c</load_address>
         <readonly>true</readonly>
         <executable>true</executable>
         <run_address>0x505c</run_address>
         <size>0x22</size>
         <alignment>0x2</alignment>
         <input_file_ref idref="fl-4e"/>
      </object_component>
      <object_component id="oc-272">
         <name>.text.__ashldi3</name>
         <load_address>0x5080</load_address>
         <readonly>true</readonly>
         <executable>true</executable>
         <run_address>0x5080</run_address>
         <size>0x1e</size>
         <alignment>0x4</alignment>
         <input_file_ref idref="fl-10e"/>
      </object_component>
      <object_component id="oc-7c">
         <name>.text.main</name>
         <load_address>0x509e</load_address>
         <readonly>true</readonly>
         <executable>true</executable>
         <run_address>0x509e</run_address>
         <size>0x1e</size>
         <alignment>0x2</alignment>
         <input_file_ref idref="fl-1"/>
      </object_component>
      <object_component id="oc-21b">
         <name>.text._outs</name>
         <load_address>0x50bc</load_address>
         <readonly>true</readonly>
         <executable>true</executable>
         <run_address>0x50bc</run_address>
         <size>0x18</size>
         <alignment>0x2</alignment>
         <input_file_ref idref="fl-2f"/>
      </object_component>
      <object_component id="oc-247">
         <name>.text.__aeabi_uldivmod</name>
         <load_address>0x50d4</load_address>
         <readonly>true</readonly>
         <executable>true</executable>
         <run_address>0x50d4</run_address>
         <size>0x14</size>
         <alignment>0x4</alignment>
         <input_file_ref idref="fl-10b"/>
      </object_component>
      <object_component id="oc-26b">
         <name>.text.strchr</name>
         <load_address>0x50e8</load_address>
         <readonly>true</readonly>
         <executable>true</executable>
         <run_address>0x50e8</run_address>
         <size>0x14</size>
         <alignment>0x2</alignment>
         <input_file_ref idref="fl-41"/>
      </object_component>
      <object_component id="oc-f0">
         <name>.text.DL_UART_setClockConfig</name>
         <load_address>0x50fc</load_address>
         <readonly>true</readonly>
         <executable>true</executable>
         <run_address>0x50fc</run_address>
         <size>0x12</size>
         <alignment>0x2</alignment>
         <input_file_ref idref="fl-18"/>
      </object_component>
      <object_component id="oc-20">
         <name>.text:decompress:none</name>
         <load_address>0x510e</load_address>
         <readonly>true</readonly>
         <executable>true</executable>
         <run_address>0x510e</run_address>
         <size>0x12</size>
         <alignment>0x2</alignment>
         <input_file_ref idref="fl-3e"/>
      </object_component>
      <object_component id="oc-23e">
         <name>.text.wcslen</name>
         <load_address>0x5120</load_address>
         <readonly>true</readonly>
         <executable>true</executable>
         <run_address>0x5120</run_address>
         <size>0x10</size>
         <alignment>0x2</alignment>
         <input_file_ref idref="fl-46"/>
      </object_component>
      <object_component id="oc-58">
         <name>.text:decompress:ZI</name>
         <load_address>0x5130</load_address>
         <readonly>true</readonly>
         <executable>true</executable>
         <run_address>0x5130</run_address>
         <size>0x10</size>
         <alignment>0x2</alignment>
         <input_file_ref idref="fl-3d"/>
      </object_component>
      <object_component id="oc-232">
         <name>.text.__aeabi_memset</name>
         <load_address>0x5140</load_address>
         <readonly>true</readonly>
         <executable>true</executable>
         <run_address>0x5140</run_address>
         <size>0xe</size>
         <alignment>0x4</alignment>
         <input_file_ref idref="fl-109"/>
      </object_component>
      <object_component id="oc-231">
         <name>.text.strlen</name>
         <load_address>0x514e</load_address>
         <readonly>true</readonly>
         <executable>true</executable>
         <run_address>0x514e</run_address>
         <size>0xe</size>
         <alignment>0x2</alignment>
         <input_file_ref idref="fl-41"/>
      </object_component>
      <object_component id="oc-73">
         <name>.text.__aeabi_memclr</name>
         <load_address>0x515c</load_address>
         <readonly>true</readonly>
         <executable>true</executable>
         <run_address>0x515c</run_address>
         <size>0xc</size>
         <alignment>0x4</alignment>
         <input_file_ref idref="fl-109"/>
      </object_component>
      <object_component id="oc-e4">
         <name>.text.DL_Common_delayCycles</name>
         <load_address>0x5168</load_address>
         <readonly>true</readonly>
         <executable>true</executable>
         <run_address>0x5168</run_address>
         <size>0xa</size>
         <alignment>0x2</alignment>
         <input_file_ref idref="fl-17"/>
      </object_component>
      <object_component id="oc-26a">
         <name>.text.OUTLINED_FUNCTION_0</name>
         <load_address>0x5172</load_address>
         <readonly>true</readonly>
         <executable>true</executable>
         <run_address>0x5172</run_address>
         <size>0xa</size>
         <alignment>0x2</alignment>
         <input_file_ref idref="fl-41"/>
      </object_component>
      <object_component id="oc-2cb">
         <name>.tramp.__aeabi_dsub.1</name>
         <load_address>0x517c</load_address>
         <readonly>true</readonly>
         <executable>true</executable>
         <run_address>0x517c</run_address>
         <size>0x10</size>
         <alignment>0x4</alignment>
         <input_file_ref idref="fl-f7"/>
      </object_component>
      <object_component id="oc-1a6">
         <name>.text.OUTLINED_FUNCTION_0</name>
         <load_address>0x518c</load_address>
         <readonly>true</readonly>
         <executable>true</executable>
         <run_address>0x518c</run_address>
         <size>0xa</size>
         <alignment>0x2</alignment>
         <input_file_ref idref="fl-30"/>
      </object_component>
      <object_component id="oc-2cc">
         <name>.tramp.__aeabi_dmul.1</name>
         <load_address>0x5198</load_address>
         <readonly>true</readonly>
         <executable>true</executable>
         <run_address>0x5198</run_address>
         <size>0x10</size>
         <alignment>0x4</alignment>
         <input_file_ref idref="fl-f8"/>
      </object_component>
      <object_component id="oc-270">
         <name>.text.OUTLINED_FUNCTION_1</name>
         <load_address>0x51a8</load_address>
         <readonly>true</readonly>
         <executable>true</executable>
         <run_address>0x51a8</run_address>
         <size>0xa</size>
         <alignment>0x2</alignment>
         <input_file_ref idref="fl-41"/>
      </object_component>
      <object_component id="oc-1b4">
         <name>.text.OUTLINED_FUNCTION_1</name>
         <load_address>0x51b2</load_address>
         <readonly>true</readonly>
         <executable>true</executable>
         <run_address>0x51b2</run_address>
         <size>0xa</size>
         <alignment>0x2</alignment>
         <input_file_ref idref="fl-30"/>
      </object_component>
      <object_component id="oc-1a4">
         <name>.text.OUTLINED_FUNCTION_6</name>
         <load_address>0x51bc</load_address>
         <readonly>true</readonly>
         <executable>true</executable>
         <run_address>0x51bc</run_address>
         <size>0xa</size>
         <alignment>0x2</alignment>
         <input_file_ref idref="fl-30"/>
      </object_component>
      <object_component id="oc-21c">
         <name>.text._outc</name>
         <load_address>0x51c6</load_address>
         <readonly>true</readonly>
         <executable>true</executable>
         <run_address>0x51c6</run_address>
         <size>0xa</size>
         <alignment>0x2</alignment>
         <input_file_ref idref="fl-2f"/>
      </object_component>
      <object_component id="oc-1ee">
         <name>.text.OUTLINED_FUNCTION_0</name>
         <load_address>0x51d0</load_address>
         <readonly>true</readonly>
         <executable>true</executable>
         <run_address>0x51d0</run_address>
         <size>0x8</size>
         <alignment>0x2</alignment>
         <input_file_ref idref="fl-37"/>
      </object_component>
      <object_component id="oc-1ae">
         <name>.text.OUTLINED_FUNCTION_2</name>
         <load_address>0x51d8</load_address>
         <readonly>true</readonly>
         <executable>true</executable>
         <run_address>0x51d8</run_address>
         <size>0x8</size>
         <alignment>0x2</alignment>
         <input_file_ref idref="fl-30"/>
      </object_component>
      <object_component id="oc-19e">
         <name>.text.__aeabi_errno_addr</name>
         <load_address>0x51e0</load_address>
         <readonly>true</readonly>
         <executable>true</executable>
         <run_address>0x51e0</run_address>
         <size>0x8</size>
         <alignment>0x4</alignment>
         <input_file_ref idref="fl-33"/>
      </object_component>
      <object_component id="oc-4b">
         <name>.text.__aeabi_memcpy</name>
         <load_address>0x51e8</load_address>
         <readonly>true</readonly>
         <executable>true</executable>
         <run_address>0x51e8</run_address>
         <size>0x8</size>
         <alignment>0x4</alignment>
         <input_file_ref idref="fl-108"/>
      </object_component>
      <object_component id="oc-1a7">
         <name>.text.OUTLINED_FUNCTION_3</name>
         <load_address>0x51f0</load_address>
         <readonly>true</readonly>
         <executable>true</executable>
         <run_address>0x51f0</run_address>
         <size>0x6</size>
         <alignment>0x2</alignment>
         <input_file_ref idref="fl-30"/>
      </object_component>
      <object_component id="oc-2cd">
         <name>.tramp.__aeabi_dadd.1</name>
         <load_address>0x51f8</load_address>
         <readonly>true</readonly>
         <executable>true</executable>
         <run_address>0x51f8</run_address>
         <size>0x10</size>
         <alignment>0x4</alignment>
         <input_file_ref idref="fl-f7"/>
      </object_component>
      <object_component id="oc-1a5">
         <name>.text.OUTLINED_FUNCTION_4</name>
         <load_address>0x5208</load_address>
         <readonly>true</readonly>
         <executable>true</executable>
         <run_address>0x5208</run_address>
         <size>0x6</size>
         <alignment>0x2</alignment>
         <input_file_ref idref="fl-30"/>
      </object_component>
      <object_component id="oc-1b9">
         <name>.text.OUTLINED_FUNCTION_5</name>
         <load_address>0x520e</load_address>
         <readonly>true</readonly>
         <executable>true</executable>
         <run_address>0x520e</run_address>
         <size>0x6</size>
         <alignment>0x2</alignment>
         <input_file_ref idref="fl-30"/>
      </object_component>
      <object_component id="oc-1fc">
         <name>.text.OUTLINED_FUNCTION_0</name>
         <load_address>0x5214</load_address>
         <readonly>true</readonly>
         <executable>true</executable>
         <run_address>0x5214</run_address>
         <size>0x4</size>
         <alignment>0x2</alignment>
         <input_file_ref idref="fl-2e"/>
      </object_component>
      <object_component id="oc-2ce">
         <name>.tramp.__aeabi_fmul.1</name>
         <load_address>0x5218</load_address>
         <readonly>true</readonly>
         <executable>true</executable>
         <run_address>0x5218</run_address>
         <size>0x10</size>
         <alignment>0x4</alignment>
         <input_file_ref idref="fl-fa"/>
      </object_component>
      <object_component id="oc-1a9">
         <name>.text.OUTLINED_FUNCTION_10</name>
         <load_address>0x5228</load_address>
         <readonly>true</readonly>
         <executable>true</executable>
         <run_address>0x5228</run_address>
         <size>0x4</size>
         <alignment>0x2</alignment>
         <input_file_ref idref="fl-30"/>
      </object_component>
      <object_component id="oc-19d">
         <name>.text.OUTLINED_FUNCTION_7</name>
         <load_address>0x522c</load_address>
         <readonly>true</readonly>
         <executable>true</executable>
         <run_address>0x522c</run_address>
         <size>0x4</size>
         <alignment>0x2</alignment>
         <input_file_ref idref="fl-30"/>
      </object_component>
      <object_component id="oc-1a8">
         <name>.text.OUTLINED_FUNCTION_8</name>
         <load_address>0x5230</load_address>
         <readonly>true</readonly>
         <executable>true</executable>
         <run_address>0x5230</run_address>
         <size>0x4</size>
         <alignment>0x2</alignment>
         <input_file_ref idref="fl-30"/>
      </object_component>
      <object_component id="oc-1a3">
         <name>.text.OUTLINED_FUNCTION_9</name>
         <load_address>0x5234</load_address>
         <readonly>true</readonly>
         <executable>true</executable>
         <run_address>0x5234</run_address>
         <size>0x4</size>
         <alignment>0x2</alignment>
         <input_file_ref idref="fl-30"/>
      </object_component>
      <object_component id="oc-2f">
         <name>.text.Reset_Handler</name>
         <load_address>0x5238</load_address>
         <readonly>true</readonly>
         <executable>true</executable>
         <run_address>0x5238</run_address>
         <size>0x4</size>
         <alignment>0x2</alignment>
         <input_file_ref idref="fl-3"/>
      </object_component>
      <object_component id="oc-78">
         <name>.text._system_pre_init</name>
         <load_address>0x523c</load_address>
         <readonly>true</readonly>
         <executable>true</executable>
         <run_address>0x523c</run_address>
         <size>0x4</size>
         <alignment>0x2</alignment>
         <input_file_ref idref="fl-3b"/>
      </object_component>
      <object_component id="oc-9f">
         <name>.text:abort</name>
         <load_address>0x5240</load_address>
         <readonly>true</readonly>
         <executable>true</executable>
         <run_address>0x5240</run_address>
         <size>0x4</size>
         <alignment>0x2</alignment>
         <input_file_ref idref="fl-49"/>
      </object_component>
      <object_component id="oc-2c7">
         <name>.cinit..data.load</name>
         <load_address>0x5780</load_address>
         <readonly>true</readonly>
         <run_address>0x5780</run_address>
         <size>0x10</size>
         <alignment>0x1</alignment>
      </object_component>
      <object_component id="oc-2c5">
         <name>__TI_handler_table</name>
         <load_address>0x5790</load_address>
         <readonly>true</readonly>
         <run_address>0x5790</run_address>
         <size>0xc</size>
         <alignment>0x4</alignment>
      </object_component>
      <object_component id="oc-2c8">
         <name>.cinit..bss.load</name>
         <load_address>0x579c</load_address>
         <readonly>true</readonly>
         <run_address>0x579c</run_address>
         <size>0x8</size>
         <alignment>0x4</alignment>
      </object_component>
      <object_component id="oc-2c6">
         <name>__TI_cinit_table</name>
         <load_address>0x57a4</load_address>
         <readonly>true</readonly>
         <run_address>0x57a4</run_address>
         <size>0x10</size>
         <alignment>0x4</alignment>
      </object_component>
      <object_component id="oc-1f3">
         <name>.rodata:__aeabi_ctype_table_</name>
         <load_address>0x5250</load_address>
         <readonly>true</readonly>
         <run_address>0x5250</run_address>
         <size>0x101</size>
         <alignment>0x10</alignment>
         <input_file_ref idref="fl-48"/>
      </object_component>
      <object_component id="oc-135">
         <name>.rodata.str1.107446084261415988571</name>
         <load_address>0x5351</load_address>
         <readonly>true</readonly>
         <run_address>0x5351</run_address>
         <size>0x3</size>
         <alignment>0x1</alignment>
         <input_file_ref idref="fl-8"/>
      </object_component>
      <object_component id="oc-1f4">
         <name>.rodata.digits</name>
         <load_address>0x5354</load_address>
         <readonly>true</readonly>
         <run_address>0x5354</run_address>
         <size>0x40</size>
         <alignment>0x4</alignment>
         <input_file_ref idref="fl-37"/>
      </object_component>
      <object_component id="oc-f9">
         <name>.rodata.gUART_0ClockConfig</name>
         <load_address>0x5394</load_address>
         <readonly>true</readonly>
         <run_address>0x5394</run_address>
         <size>0x2</size>
         <alignment>0x1</alignment>
         <input_file_ref idref="fl-2"/>
      </object_component>
      <object_component id="oc-fb">
         <name>.rodata.gUART_1ClockConfig</name>
         <load_address>0x5396</load_address>
         <readonly>true</readonly>
         <run_address>0x5396</run_address>
         <size>0x2</size>
         <alignment>0x1</alignment>
         <input_file_ref idref="fl-2"/>
      </object_component>
      <object_component id="oc-1b3">
         <name>.rodata.cst16</name>
         <load_address>0x5398</load_address>
         <readonly>true</readonly>
         <run_address>0x5398</run_address>
         <size>0x30</size>
         <alignment>0x8</alignment>
         <input_file_ref idref="fl-30"/>
      </object_component>
      <object_component id="oc-ef">
         <name>.rodata.gSYSPLLConfig</name>
         <load_address>0x53c8</load_address>
         <readonly>true</readonly>
         <run_address>0x53c8</run_address>
         <size>0x28</size>
         <alignment>0x4</alignment>
         <input_file_ref idref="fl-2"/>
      </object_component>
      <object_component id="oc-1f5">
         <name>.rodata.powerof10</name>
         <load_address>0x53f0</load_address>
         <readonly>true</readonly>
         <run_address>0x53f0</run_address>
         <size>0x18</size>
         <alignment>0x4</alignment>
         <input_file_ref idref="fl-37"/>
      </object_component>
      <object_component id="oc-1e6">
         <name>.rodata.str1.106356269910238425484</name>
         <load_address>0x5408</load_address>
         <readonly>true</readonly>
         <run_address>0x5408</run_address>
         <size>0x17</size>
         <alignment>0x4</alignment>
         <input_file_ref idref="fl-8"/>
      </object_component>
      <object_component id="oc-1e9">
         <name>.rodata.str1.119115768111374868244</name>
         <load_address>0x5420</load_address>
         <readonly>true</readonly>
         <run_address>0x5420</run_address>
         <size>0x17</size>
         <alignment>0x4</alignment>
         <input_file_ref idref="fl-8"/>
      </object_component>
      <object_component id="oc-202">
         <name>.rodata.str1.120676110851758475981</name>
         <load_address>0x5437</load_address>
         <readonly>true</readonly>
         <run_address>0x5437</run_address>
         <size>0x17</size>
         <alignment>0x1</alignment>
         <input_file_ref idref="fl-5"/>
      </object_component>
      <object_component id="oc-f7">
         <name>.rodata.gUART_2ClockConfig</name>
         <load_address>0x544e</load_address>
         <readonly>true</readonly>
         <run_address>0x544e</run_address>
         <size>0x2</size>
         <alignment>0x1</alignment>
         <input_file_ref idref="fl-2"/>
      </object_component>
      <object_component id="oc-1de">
         <name>.rodata.str1.122974135003758328104</name>
         <load_address>0x5450</load_address>
         <readonly>true</readonly>
         <run_address>0x5450</run_address>
         <size>0x17</size>
         <alignment>0x4</alignment>
         <input_file_ref idref="fl-8"/>
      </object_component>
      <object_component id="oc-1e2">
         <name>.rodata.str1.135417529401178677104</name>
         <load_address>0x5468</load_address>
         <readonly>true</readonly>
         <run_address>0x5468</run_address>
         <size>0x17</size>
         <alignment>0x4</alignment>
         <input_file_ref idref="fl-8"/>
      </object_component>
      <object_component id="oc-1e4">
         <name>.rodata.str1.144904363476861634244</name>
         <load_address>0x5480</load_address>
         <readonly>true</readonly>
         <run_address>0x5480</run_address>
         <size>0x17</size>
         <alignment>0x4</alignment>
         <input_file_ref idref="fl-8"/>
      </object_component>
      <object_component id="oc-1dd">
         <name>.rodata.str1.160578392304126166914</name>
         <load_address>0x5498</load_address>
         <readonly>true</readonly>
         <run_address>0x5498</run_address>
         <size>0x17</size>
         <alignment>0x4</alignment>
         <input_file_ref idref="fl-8"/>
      </object_component>
      <object_component id="oc-1ea">
         <name>.rodata.str1.20134001987087366424</name>
         <load_address>0x54b0</load_address>
         <readonly>true</readonly>
         <run_address>0x54b0</run_address>
         <size>0x17</size>
         <alignment>0x4</alignment>
         <input_file_ref idref="fl-8"/>
      </object_component>
      <object_component id="oc-1e0">
         <name>.rodata.str1.22361013036623911354</name>
         <load_address>0x54c8</load_address>
         <readonly>true</readonly>
         <run_address>0x54c8</run_address>
         <size>0x17</size>
         <alignment>0x4</alignment>
         <input_file_ref idref="fl-8"/>
      </object_component>
      <object_component id="oc-1e7">
         <name>.rodata.str1.23394174652560968884</name>
         <load_address>0x54e0</load_address>
         <readonly>true</readonly>
         <run_address>0x54e0</run_address>
         <size>0x17</size>
         <alignment>0x4</alignment>
         <input_file_ref idref="fl-8"/>
      </object_component>
      <object_component id="oc-1e5">
         <name>.rodata.str1.37532024268182965164</name>
         <load_address>0x54f8</load_address>
         <readonly>true</readonly>
         <run_address>0x54f8</run_address>
         <size>0x17</size>
         <alignment>0x4</alignment>
         <input_file_ref idref="fl-8"/>
      </object_component>
      <object_component id="oc-1ec">
         <name>.rodata.str1.43657394055117847824</name>
         <load_address>0x5510</load_address>
         <readonly>true</readonly>
         <run_address>0x5510</run_address>
         <size>0x17</size>
         <alignment>0x4</alignment>
         <input_file_ref idref="fl-8"/>
      </object_component>
      <object_component id="oc-1e1">
         <name>.rodata.str1.60433268805519588794</name>
         <load_address>0x5528</load_address>
         <readonly>true</readonly>
         <run_address>0x5528</run_address>
         <size>0x17</size>
         <alignment>0x4</alignment>
         <input_file_ref idref="fl-8"/>
      </object_component>
      <object_component id="oc-1df">
         <name>.rodata.str1.80150933831641731774</name>
         <load_address>0x5540</load_address>
         <readonly>true</readonly>
         <run_address>0x5540</run_address>
         <size>0x17</size>
         <alignment>0x4</alignment>
         <input_file_ref idref="fl-8"/>
      </object_component>
      <object_component id="oc-1e3">
         <name>.rodata.str1.8277805354972912394</name>
         <load_address>0x5558</load_address>
         <readonly>true</readonly>
         <run_address>0x5558</run_address>
         <size>0x17</size>
         <alignment>0x4</alignment>
         <input_file_ref idref="fl-8"/>
      </object_component>
      <object_component id="oc-1e8">
         <name>.rodata.str1.8785917874051110534</name>
         <load_address>0x5570</load_address>
[...]
         <value>0x2035</value>
         <object_component_ref idref="oc-13e"/>
      </symbol>
      <symbol id="sm-15a">
         <name>BTNScan</name>
         <value>0x44b5</value>
         <object_component_ref idref="oc-99"/>
      </symbol>
      <symbol id="sm-15b">
         <name>__TI_ATRegion0_src_addr</name>
         <value>0x0</value>
      </symbol>
      <symbol id="sm-15c">
         <name>__TI_ATRegion0_trg_addr</name>
         <value>0x0</value>
      </symbol>
      <symbol id="sm-15d">
         <name>__TI_ATRegion0_region_sz</name>
         <value>0x0</value>
      </symbol>
      <symbol id="sm-15e">
         <name>__TI_ATRegion1_src_addr</name>
         <value>0x0</value>
      </symbol>
      <symbol id="sm-15f">
         <name>__TI_ATRegion1_trg_addr</name>
         <value>0x0</value>
      </symbol>
      <symbol id="sm-160">
         <name>__TI_ATRegion1_region_sz</name>
         <value>0x0</value>
      </symbol>
      <symbol id="sm-161">
         <name>__TI_ATRegion2_src_addr</name>
         <value>0x0</value>
      </symbol>
      <symbol id="sm-162">
         <name>__TI_ATRegion2_trg_addr</name>
         <value>0x0</value>
      </symbol>
      <symbol id="sm-163">
         <name>__TI_ATRegion2_region_sz</name>
         <value>0x0</value>
      </symbol>
      <symbol id="sm-16e">
         <name>DL_ADC12_setClockConfig</name>
         <value>0x4bc9</value>
         <object_component_ref idref="oc-fd"/>
      </symbol>
      <symbol id="sm-177">
         <name>DL_Common_delayCycles</name>
         <value>0x5169</value>
         <object_component_ref idref="oc-e4"/>
      </symbol>
      <symbol id="sm-184">
         <name>DL_UART_init</name>
         <value>0x4af9</value>
         <object_component_ref idref="oc-f6"/>
      </symbol>
      <symbol id="sm-185">
         <name>DL_UART_setClockConfig</name>
         <value>0x50fd</value>
         <object_component_ref idref="oc-f0"/>
      </symbol>
      <symbol id="sm-193">
         <name>DL_SYSCTL_configSYSPLL</name>
         <value>0x3a19</value>
         <object_component_ref idref="oc-e8"/>
      </symbol>
      <symbol id="sm-194">
         <name>DL_SYSCTL_switchMCLKfromSYSOSCtoHSCLK</name>
         <value>0x4b41</value>
         <object_component_ref idref="oc-ee"/>
      </symbol>
      <symbol id="sm-1a2">
         <name>log10f</name>
         <value>0x2e65</value>
         <object_component_ref idref="oc-158"/>
      </symbol>
      <symbol id="sm-1b3">
         <name>sprintf</name>
         <value>0x4e69</value>
         <object_component_ref idref="oc-1c4"/>
      </symbol>
      <symbol id="sm-1e7">
         <name>pow</name>
         <value>0xc1</value>
         <object_component_ref idref="oc-11c"/>
      </symbol>
      <symbol id="sm-1e8">
         <name>powl</name>
         <value>0xc1</value>
         <object_component_ref idref="oc-11c"/>
      </symbol>
      <symbol id="sm-1f2">
         <name>sqrt</name>
         <value>0x3301</value>
         <object_component_ref idref="oc-1ba"/>
      </symbol>
      <symbol id="sm-1f3">
         <name>sqrtl</name>
         <value>0x3301</value>
         <object_component_ref idref="oc-1ba"/>
      </symbol>
      <symbol id="sm-1fd">
         <name>scalbn</name>
         <value>0x3af5</value>
         <object_component_ref idref="oc-1b5"/>
      </symbol>
      <symbol id="sm-1fe">
         <name>ldexp</name>
         <value>0x3af5</value>
         <object_component_ref idref="oc-1b5"/>
      </symbol>
      <symbol id="sm-1ff">
         <name>scalbnl</name>
         <value>0x3af5</value>
         <object_component_ref idref="oc-1b5"/>
      </symbol>
      <symbol id="sm-200">
         <name>ldexpl</name>
         <value>0x3af5</value>
         <object_component_ref idref="oc-1b5"/>
      </symbol>
      <symbol id="sm-20b">
         <name>__aeabi_errno_addr</name>
         <value>0x51e1</value>
         <object_component_ref idref="oc-19e"/>
      </symbol>
      <symbol id="sm-20c">
         <name>__aeabi_errno</name>
         <value>0x20202048</value>
         <object_component_ref idref="oc-207"/>
      </symbol>
      <symbol id="sm-221">
         <name>strtof</name>
         <value>0x23d5</value>
         <object_component_ref idref="oc-152"/>
      </symbol>
      <symbol id="sm-22c">
         <name>_c_int00_noargs</name>
         <value>0x4fed</value>
         <object_component_ref idref="oc-5b"/>
      </symbol>
      <symbol id="sm-22d">
         <name>__stack</name>
         <value>0x20207e00</value>
         <object_component_ref idref="oc-1a"/>
      </symbol>
      <symbol id="sm-239">
         <name>__TI_auto_init_nobinit_nopinit</name>
         <value>0x4d7d</value>
         <object_component_ref idref="oc-a6"/>
      </symbol>
      <symbol id="sm-241">
         <name>_system_pre_init</name>
         <value>0x523d</value>
         <object_component_ref idref="oc-78"/>
      </symbol>
      <symbol id="sm-24c">
         <name>__TI_zero_init</name>
         <value>0x5131</value>
         <object_component_ref idref="oc-58"/>
      </symbol>
      <symbol id="sm-255">
         <name>__TI_decompress_none</name>
         <value>0x510f</value>
         <object_component_ref idref="oc-20"/>
      </symbol>
      <symbol id="sm-260">
         <name>__TI_decompress_lzss</name>
         <value>0x4351</value>
         <object_component_ref idref="oc-1c"/>
      </symbol>
      <symbol id="sm-26a">
         <name>scalbnf</name>
         <value>0x3ca5</value>
         <object_component_ref idref="oc-1ef"/>
      </symbol>
      <symbol id="sm-26b">
         <name>ldexpf</name>
         <value>0x3ca5</value>
         <object_component_ref idref="oc-1ef"/>
      </symbol>
      <symbol id="sm-2b4">
         <name>__TI_printfi</name>
         <value>0xb09</value>
         <object_component_ref idref="oc-230"/>
      </symbol>
      <symbol id="sm-2c1">
         <name>wcslen</name>
         <value>0x5121</value>
         <object_component_ref idref="oc-23e"/>
      </symbol>
      <symbol id="sm-2cb">
         <name>frexp</name>
         <value>0x48a1</value>
         <object_component_ref idref="oc-25e"/>
      </symbol>
      <symbol id="sm-2cc">
         <name>frexpl</name>
         <value>0x48a1</value>
         <object_component_ref idref="oc-25e"/>
      </symbol>
      <symbol id="sm-2cd">
         <name>__aeabi_ctype_table_</name>
         <value>0x5250</value>
         <object_component_ref idref="oc-1f3"/>
      </symbol>
      <symbol id="sm-2ce">
         <name>__aeabi_ctype_table_C</name>
         <value>0x5250</value>
         <object_component_ref idref="oc-1f3"/>
      </symbol>
      <symbol id="sm-2d8">
         <name>abort</name>
         <value>0x5241</value>
         <object_component_ref idref="oc-9f"/>
      </symbol>
      <symbol id="sm-2d9">
         <name>C$$EXIT</name>
         <value>0x5240</value>
         <object_component_ref idref="oc-9f"/>
      </symbol>
      <symbol id="sm-2e3">
         <name>__TI_ltoa</name>
         <value>0x48fd</value>
         <object_component_ref idref="oc-266"/>
      </symbol>
      <symbol id="sm-2ee">
         <name>atoi</name>
         <value>0x4c89</value>
         <object_component_ref idref="oc-23a"/>
      </symbol>
      <symbol id="sm-2f7">
         <name>memccpy</name>
         <value>0x505d</value>
         <object_component_ref idref="oc-233"/>
      </symbol>
      <symbol id="sm-30f">
         <name>__aeabi_fadd</name>
         <value>0x3bd7</value>
         <object_component_ref idref="oc-126"/>
      </symbol>
      <symbol id="sm-310">
         <name>__addsf3</name>
         <value>0x3bd7</value>
         <object_component_ref idref="oc-126"/>
      </symbol>
      <symbol id="sm-311">
         <name>__aeabi_fsub</name>
         <value>0x3bcd</value>
         <object_component_ref idref="oc-126"/>
      </symbol>
      <symbol id="sm-312">
         <name>__subsf3</name>
         <value>0x3bcd</value>
         <object_component_ref idref="oc-126"/>
      </symbol>
      <symbol id="sm-318">
         <name>__aeabi_dadd</name>
         <value>0x3003</value>
         <object_component_ref idref="oc-114"/>
      </symbol>
      <symbol id="sm-319">
         <name>__adddf3</name>
         <value>0x3003</value>
         <object_component_ref idref="oc-114"/>
      </symbol>
      <symbol id="sm-31a">
         <name>__aeabi_dsub</name>
         <value>0x2ff9</value>
         <object_component_ref idref="oc-114"/>
      </symbol>
      <symbol id="sm-31b">
         <name>__subdf3</name>
         <value>0x2ff9</value>
         <object_component_ref idref="oc-114"/>
      </symbol>
      <symbol id="sm-327">
         <name>__aeabi_dmul</name>
         <value>0x3935</value>
         <object_component_ref idref="oc-15e"/>
      </symbol>
      <symbol id="sm-328">
         <name>__muldf3</name>
         <value>0x3935</value>
         <object_component_ref idref="oc-15e"/>
      </symbol>
      <symbol id="sm-331">
         <name>__muldsi3</name>
         <value>0x4df5</value>
         <object_component_ref idref="oc-194"/>
      </symbol>
      <symbol id="sm-337">
         <name>__aeabi_fmul</name>
         <value>0x3fc9</value>
         <object_component_ref idref="oc-108"/>
      </symbol>
      <symbol id="sm-338">
         <name>__mulsf3</name>
         <value>0x3fc9</value>
         <object_component_ref idref="oc-108"/>
      </symbol>
      <symbol id="sm-341">
         <name>__aeabi_fdiv</name>
         <value>0x4055</value>
         <object_component_ref idref="oc-10c"/>
      </symbol>
      <symbol id="sm-342">
         <name>__divsf3</name>
         <value>0x4055</value>
         <object_component_ref idref="oc-10c"/>
      </symbol>
      <symbol id="sm-348">
         <name>__aeabi_ddiv</name>
         <value>0x3829</value>
         <object_component_ref idref="oc-118"/>
      </symbol>
      <symbol id="sm-349">
         <name>__divdf3</name>
         <value>0x3829</value>
         <object_component_ref idref="oc-118"/>
      </symbol>
      <symbol id="sm-34f">
         <name>__aeabi_f2d</name>
         <value>0x4c49</value>
         <object_component_ref idref="oc-110"/>
      </symbol>
      <symbol id="sm-350">
         <name>__extendsfdf2</name>
         <value>0x4c49</value>
         <object_component_ref idref="oc-110"/>
      </symbol>
      <symbol id="sm-356">
         <name>__aeabi_d2iz</name>
         <value>0x4aad</value>
         <object_component_ref idref="oc-262"/>
      </symbol>
      <symbol id="sm-357">
         <name>__fixdfsi</name>
         <value>0x4aad</value>
         <object_component_ref idref="oc-262"/>
      </symbol>
      <symbol id="sm-35d">
         <name>__aeabi_d2uiz</name>
         <value>0x4b85</value>
         <object_component_ref idref="oc-162"/>
      </symbol>
      <symbol id="sm-35e">
         <name>__fixunsdfsi</name>
         <value>0x4b85</value>
         <object_component_ref idref="oc-162"/>
      </symbol>
      <symbol id="sm-364">
         <name>__aeabi_i2d</name>
         <value>0x4f99</value>
         <object_component_ref idref="oc-1aa"/>
      </symbol>
      <symbol id="sm-365">
         <name>__floatsidf</name>
         <value>0x4f99</value>
         <object_component_ref idref="oc-1aa"/>
      </symbol>
      <symbol id="sm-36b">
         <name>__aeabi_i2f</name>
         <value>0x4d05</value>
         <object_component_ref idref="oc-1f8"/>
      </symbol>
      <symbol id="sm-36c">
         <name>__floatsisf</name>
         <value>0x4d05</value>
         <object_component_ref idref="oc-1f8"/>
      </symbol>
      <symbol id="sm-372">
         <name>__aeabi_ui2f</name>
         <value>0x4fc5</value>
         <object_component_ref idref="oc-104"/>
      </symbol>
      <symbol id="sm-373">
         <name>__floatunsisf</name>
         <value>0x4fc5</value>
         <object_component_ref idref="oc-104"/>
      </symbol>
      <symbol id="sm-379">
         <name>__aeabi_lmul</name>
         <value>0x5039</value>
         <object_component_ref idref="oc-242"/>
      </symbol>
      <symbol id="sm-37a">
         <name>__muldi3</name>
         <value>0x5039</value>
         <object_component_ref idref="oc-242"/>
      </symbol>
      <symbol id="sm-381">
         <name>__aeabi_d2f</name>
         <value>0x4441</value>
         <object_component_ref idref="oc-122"/>
      </symbol>
      <symbol id="sm-382">
         <name>__truncdfsf2</name>
         <value>0x4441</value>
         <object_component_ref idref="oc-122"/>
      </symbol>
      <symbol id="sm-388">
         <name>__aeabi_dcmpeq</name>
         <value>0x46b9</value>
         <object_component_ref idref="oc-1af"/>
      </symbol>
      <symbol id="sm-389">
         <name>__aeabi_dcmplt</name>
         <value>0x46cd</value>
         <object_component_ref idref="oc-1af"/>
      </symbol>
      <symbol id="sm-38a">
         <name>__aeabi_dcmple</name>
         <value>0x46e1</value>
         <object_component_ref idref="oc-1af"/>
      </symbol>
      <symbol id="sm-38b">
         <name>__aeabi_dcmpge</name>
         <value>0x46f5</value>
         <object_component_ref idref="oc-1af"/>
      </symbol>
      <symbol id="sm-38c">
         <name>__aeabi_dcmpgt</name>
         <value>0x4709</value>
         <object_component_ref idref="oc-1af"/>
      </symbol>
      <symbol id="sm-392">
         <name>__aeabi_fcmpeq</name>
         <value>0x471d</value>
         <object_component_ref idref="oc-13a"/>
      </symbol>
      <symbol id="sm-393">
         <name>__aeabi_fcmplt</name>
         <value>0x4731</value>
         <object_component_ref idref="oc-13a"/>
      </symbol>
      <symbol id="sm-394">
         <name>__aeabi_fcmple</name>
         <value>0x4745</value>
         <object_component_ref idref="oc-13a"/>
      </symbol>
      <symbol id="sm-395">
         <name>__aeabi_fcmpge</name>
         <value>0x4759</value>
         <object_component_ref idref="oc-13a"/>
      </symbol>
      <symbol id="sm-396">
         <name>__aeabi_fcmpgt</name>
         <value>0x476d</value>
         <object_component_ref idref="oc-13a"/>
      </symbol>
      <symbol id="sm-39c">
         <name>__aeabi_idiv</name>
         <value>0x49ad</value>
         <object_component_ref idref="oc-27b"/>
      </symbol>
      <symbol id="sm-39d">
         <name>__aeabi_idivmod</name>
         <value>0x49ad</value>
         <object_component_ref idref="oc-27b"/>
      </symbol>
      <symbol id="sm-3a3">
         <name>__aeabi_memcpy</name>
         <value>0x51e9</value>
         <object_component_ref idref="oc-4b"/>
      </symbol>
      <symbol id="sm-3a4">
         <name>__aeabi_memcpy4</name>
         <value>0x51e9</value>
         <object_component_ref idref="oc-4b"/>
      </symbol>
      <symbol id="sm-3a5">
         <name>__aeabi_memcpy8</name>
         <value>0x51e9</value>
         <object_component_ref idref="oc-4b"/>
      </symbol>
      <symbol id="sm-3ae">
         <name>__aeabi_memset</name>
         <value>0x5141</value>
         <object_component_ref idref="oc-232"/>
      </symbol>
      <symbol id="sm-3af">
         <name>__aeabi_memset4</name>
         <value>0x5141</value>
         <object_component_ref idref="oc-232"/>
      </symbol>
      <symbol id="sm-3b0">
         <name>__aeabi_memset8</name>
         <value>0x5141</value>
         <object_component_ref idref="oc-232"/>
      </symbol>
      <symbol id="sm-3b1">
         <name>__aeabi_memclr</name>
         <value>0x515d</value>
         <object_component_ref idref="oc-73"/>
      </symbol>
      <symbol id="sm-3b2">
         <name>__aeabi_memclr4</name>
         <value>0x515d</value>
         <object_component_ref idref="oc-73"/>
      </symbol>
      <symbol id="sm-3b3">
         <name>__aeabi_memclr8</name>
         <value>0x515d</value>
         <object_component_ref idref="oc-73"/>
      </symbol>
      <symbol id="sm-3b9">
         <name>__aeabi_uidiv</name>
         <value>0x4c09</value>
         <object_component_ref idref="oc-136"/>
      </symbol>
      <symbol id="sm-3ba">
         <name>__aeabi_uidivmod</name>
         <value>0x4c09</value>
         <object_component_ref idref="oc-136"/>
      </symbol>
      <symbol id="sm-3c0">
         <name>__aeabi_uldivmod</name>
         <value>0x50d5</value>
         <object_component_ref idref="oc-247"/>
      </symbol>
      <symbol id="sm-3c9">
         <name>__eqsf2</name>
         <value>0x4db9</value>
         <object_component_ref idref="oc-1d5"/>
      </symbol>
      <symbol id="sm-3ca">
         <name>__lesf2</name>
         <value>0x4db9</value>
         <object_component_ref idref="oc-1d5"/>
      </symbol>
      <symbol id="sm-3cb">
         <name>__ltsf2</name>
         <value>0x4db9</value>
         <object_component_ref idref="oc-1d5"/>
      </symbol>
      <symbol id="sm-3cc">
         <name>__nesf2</name>
         <value>0x4db9</value>
         <object_component_ref idref="oc-1d5"/>
      </symbol>
      <symbol id="sm-3cd">
         <name>__cmpsf2</name>
         <value>0x4db9</value>
         <object_component_ref idref="oc-1d5"/>
      </symbol>
      <symbol id="sm-3ce">
         <name>__gtsf2</name>
         <value>0x4d41</value>
         <object_component_ref idref="oc-1da"/>
      </symbol>
      <symbol id="sm-3cf">
         <name>__gesf2</name>
         <value>0x4d41</value>
         <object_component_ref idref="oc-1da"/>
      </symbol>
      <symbol id="sm-3d5">
         <name>__udivmoddi4</name>
         <value>0x3e01</value>
         <object_component_ref idref="oc-259"/>
      </symbol>
      <symbol id="sm-3db">
         <name>__aeabi_llsl</name>
         <value>0x5081</value>
         <object_component_ref idref="oc-272"/>
      </symbol>
      <symbol id="sm-3dc">
         <name>__ashldi3</name>
         <value>0x5081</value>
         <object_component_ref idref="oc-272"/>
      </symbol>
      <symbol id="sm-3ea">
         <name>__ledf2</name>
         <value>0x4521</value>
         <object_component_ref idref="oc-20c"/>
      </symbol>
      <symbol id="sm-3eb">
         <name>__gedf2</name>
         <value>0x43cd</value>
         <object_component_ref idref="oc-212"/>
      </symbol>
      <symbol id="sm-3ec">
         <name>__cmpdf2</name>
         <value>0x4521</value>
         <object_component_ref idref="oc-20c"/>
      </symbol>
      <symbol id="sm-3ed">
         <name>__eqdf2</name>
         <value>0x4521</value>
         <object_component_ref idref="oc-20c"/>
      </symbol>
      <symbol id="sm-3ee">
         <name>__ltdf2</name>
         <value>0x4521</value>
         <object_component_ref idref="oc-20c"/>
      </symbol>
      <symbol id="sm-3ef">
         <name>__nedf2</name>
         <value>0x4521</value>
         <object_component_ref idref="oc-20c"/>
      </symbol>
      <symbol id="sm-3f0">
         <name>__gtdf2</name>
         <value>0x43cd</value>
         <object_component_ref idref="oc-212"/>
      </symbol>
      <symbol id="sm-3fc">
         <name>__aeabi_idiv0</name>
         <value>0x40d7</value>
         <object_component_ref idref="oc-1cf"/>
      </symbol>
      <symbol id="sm-3fd">
         <name>__aeabi_ldiv0</name>
         <value>0x45ef</value>
         <object_component_ref idref="oc-271"/>
      </symbol>
      <symbol id="sm-417">
         <name>memcpy</name>
         <value>0x3ea3</value>
         <object_component_ref idref="oc-8f"/>
      </symbol>
      <symbol id="sm-426">
         <name>memset</name>
         <value>0x477f</value>
         <object_component_ref idref="oc-be"/>
      </symbol>
      <symbol id="sm-427">
         <name>__TI_static_base__</name>
         <value>0x0</value>
      </symbol>
      <symbol id="sm-42b">
         <name>__mpu_init</name>
         <value>0x0</value>
      </symbol>
      <symbol id="sm-42c">
         <name>_system_post_cinit</name>
         <value>0x0</value>
      </symbol>
   </symbol_table>
   <title>Link successful</title>
</link_info>
